serial_ns16550.c:137:12:0	8	static
serial_ns16550.c:265:1:eserial6_init	8	static
serial_ns16550.c:262:1:eserial5_init	8	static
serial_ns16550.c:259:1:eserial4_init	8	static
serial_ns16550.c:256:1:eserial3_init	8	static
serial_ns16550.c:253:1:eserial2_init	8	static
serial_ns16550.c:250:1:eserial1_init	8	static
serial_ns16550.c:170:1:_serial_putc	24	static
serial_ns16550.c:250:1:eserial1_putc	8	static
serial_ns16550.c:253:1:eserial2_putc	8	static
serial_ns16550.c:256:1:eserial3_putc	8	static
serial_ns16550.c:259:1:eserial4_putc	8	static
serial_ns16550.c:262:1:eserial5_putc	8	static
serial_ns16550.c:265:1:eserial6_putc	8	static
serial_ns16550.c:179:1:_serial_putc_raw	16	static
serial_ns16550.c:185:1:_serial_puts	24	static
serial_ns16550.c:250:1:eserial1_puts	8	static
serial_ns16550.c:253:1:eserial2_puts	8	static
serial_ns16550.c:256:1:eserial3_puts	8	static
serial_ns16550.c:259:1:eserial4_puts	8	static
serial_ns16550.c:262:1:eserial5_puts	8	static
serial_ns16550.c:265:1:eserial6_puts	8	static
serial_ns16550.c:194:1:_serial_getc	16	static
serial_ns16550.c:250:1:eserial1_getc	8	static
serial_ns16550.c:253:1:eserial2_getc	8	static
serial_ns16550.c:256:1:eserial3_getc	8	static
serial_ns16550.c:259:1:eserial4_getc	8	static
serial_ns16550.c:262:1:eserial5_getc	8	static
serial_ns16550.c:265:1:eserial6_getc	8	static
serial_ns16550.c:200:1:_serial_tstc	16	static
serial_ns16550.c:250:1:eserial1_tstc	8	static
serial_ns16550.c:253:1:eserial2_tstc	8	static
serial_ns16550.c:256:1:eserial3_tstc	8	static
serial_ns16550.c:259:1:eserial4_tstc	8	static
serial_ns16550.c:262:1:eserial5_tstc	8	static
serial_ns16550.c:265:1:eserial6_tstc	8	static
serial_ns16550.c:206:1:_serial_setbrg	16	static
serial_ns16550.c:250:1:eserial1_setbrg	8	static
serial_ns16550.c:253:1:eserial2_setbrg	8	static
serial_ns16550.c:256:1:eserial3_setbrg	8	static
serial_ns16550.c:259:1:eserial4_setbrg	8	static
serial_ns16550.c:262:1:eserial5_setbrg	8	static
serial_ns16550.c:265:1:eserial6_setbrg	8	static
serial_ns16550.c:269:30:default_serial_console	16	static
serial_ns16550.c:288:6:ns16550_serial_initialize	16	static
