fat.c:40:13:downcase	8	static
fat.c:55:12:disk_read	16	static
fat.c:126:12:dirdelim	8	static
fat.c:566:13:mkcksum	8	static
fat.c:141:13:get_name	24	static
fat.c:170:14:get_fatent	24	static
fat.c:751:1:read_bootsectandvi	32	static
fat.c:268:1:get_cluster	72	dynamic
fat.c:450:12:slot2str	8	static
fat.c:483:1:get_vfatname	56	static
fat.c:64:5:fat_set_blk_dev	48	dynamic
fat.c:93:5:fat_register_device	104	static
fat.c:822:1:do_fat_read_at	2584	static
fat.c:1176:1:do_fat_read	8	static
fat.c:1181:5:file_fat_detectfs	128	static
fat.c:1243:5:file_fat_ls	8	static
fat.c:1248:6:file_fat_read_at	32	static
fat.c:1255:6:file_fat_read	8	static
