phy.c:404:5:genphy_shutdown	8	static
phy.c:557:12:get_phy_id	32	static
phy.c:512:27:phy_device_create	32	static
phy.c:589:27:get_phy_device	64	static
phy.c:146:5:genphy_restart_aneg	16	static
phy.c:174:5:genphy_config_aneg	24	static
phy.c:347:5:genphy_config	24	static
phy.c:214:5:genphy_update_link	32	static
phy.c:396:5:genphy_startup	24	static
phy.c:421:5:phy_init	16	static
phy.c:464:5:phy_register	16	static
phy.c:626:5:phy_reset	32	static
phy.c:681:5:miiphy_reset	16	static
phy.c:696:20:phy_connect	32	static
phy.c:734:5:phy_startup	8	static
phy.c:742:12:__board_phy_config	8	static
phy.c:752:5:phy_config	8	static
phy.c:760:5:phy_shutdown	8	static
