cfi_flash.c:226:13:flash_make_cmd	16	static
cfi_flash.c:417:12:flash_isequal	48	static
cfi_flash.c:465:12:flash_isset	48	static
cfi_flash.c:753:21:find_sector	16	static
cfi_flash.c:1637:13:cfi_reverse_geometry	8	static
cfi_flash.c:707:13:5	16	static
cfi_flash.c:100:20:__cfi_flash_bank_addr	8	static
cfi_flash.c:107:22:__cfi_flash_bank_size	8	static
cfi_flash.c:183:15:flash_get_info	16	static
cfi_flash.c:199:15:flash_sector_size	8	static
cfi_flash.c:360:6:flash_write_cmd	48	static
cfi_flash.c:409:13:flash_unlock_seq	24	static
cfi_flash.c:564:12:flash_status_check	64	static
cfi_flash.c:602:12:flash_full_status_check	32	static
cfi_flash.c:779:12:flash_write_cfiword	40	static
cfi_flash.c:1049:5:flash_erase	32	static
cfi_flash.c:1198:6:flash_print_info	48	static
cfi_flash.c:1313:5:write_buff	136	static
cfi_flash.c:1863:13:__flash_cmd_reset	16	static
cfi_flash.c:2031:7:flash_get_size	144	static
cfi_flash.c:2277:6:flash_protect_default	16	static
cfi_flash.c:2324:15:flash_init	16	static
