mmc.c:50:12:mmc_send_cmd	40	static
mmc.c:420:12:mmc_go_idle	48	static
mmc.c:570:12:mmc_send_ext_csd	56	static
mmc.c:684:12:5	56	static
mmc.c:112:12:6	64	static
mmc.c:592:12:1	48	static
mmc.c:43:5:__board_mmc_getcd	8	static
mmc.c:167:13:find_mmc_device	16	static
mmc.c:236:1:mmc_berase	88	static
mmc.c:326:1:mmc_bwrite	120	static
mmc.c:388:14:mmc_bread	112	static
mmc.c:660:5:mmc_switch_part	16	static
mmc.c:672:5:mmc_getcd	16	static
mmc.c:849:6:mmc_set_clock	8	static
mmc.c:869:12:mmc_startup	2000	static
mmc.c:1221:5:mmc_register	16	static
mmc.c:1251:5:mmc_init	80	static
mmc.c:1241:19:mmc_get_dev	24	static
mmc.c:1302:12:__def_mmc_init	8	static
mmc.c:1310:6:print_mmc_devices	32	static
mmc.c:1327:5:get_mmc_num	16	static
mmc.c:1332:5:mmc_initialize	16	static
