memory.c:262:12:memory_post_addrline	40	static
memory.c:416:12:memory_post_test_lines	40	static
memory.c:294:12:memory_post_test1	16	static
memory.c:434:12:memory_post_test_patterns	24	static
memory.c:462:12:memory_post_test_regions	32	static
memory.c:494:5:arch_memory_test_prepare	8	static
memory.c:510:5:arch_memory_test_advance	8	static
memory.c:516:5:arch_memory_test_cleanup	8	static
memory.c:522:6:arch_memory_failure_handle	8	static
memory.c:527:5:memory_regions_post_test	24	static
memory.c:542:5:memory_post_test	56	static
