vsprintf.c:183:14:put_dec_trunc	8	static
vsprintf.c:261:23:put_dec	40	static
vsprintf.c:393:14:0	32	static
vsprintf.c:294:14:4	152	static
vsprintf.c:42:15:simple_strtoul	16	static
vsprintf.c:74:5:strict_strtoul	48	static
vsprintf.c:98:6:simple_strtol	8	static
vsprintf.c:106:15:ustrtoul	16	static
vsprintf.c:129:20:simple_strtoull	24	static
vsprintf.c:796:5:vsprintf	128	static
vsprintf.c:801:5:sprintf	48	static
vsprintf.c:812:6:panic	56	static
vsprintf.c:829:6:__assert_fail	16	static
vsprintf.c:837:7:simple_itoa	16	static
