00000000 A __fixup_entries
00000500 A __got2_entries
fff00000 T _hrcw_table
fff00100 T _start
fff00110 T _start_warm
fff00118 t boot_cold
fff00118 t boot_warm
fff00148 t in_flash
fff00178 T _start_of_vectors
fff00200 t MachineCheck
fff00300 t DataStorage
fff00400 t InstStorage
fff00500 t ExtInterrupt
fff00600 t Alignment
fff00700 t ProgramCheck
fff00800 t FPUnavailable
fff00900 t Decrementer
fff00a00 t Trap_0a
fff00b00 t Trap_0b
fff00c00 t SystemCall
fff00d00 t SingleStep
fff00e00 t Trap_0e
fff00f00 t Trap_0f
fff01000 t InstructionTLBMiss
fff01100 t DataLoadTLBMiss
fff01200 t DataStoreTLBMiss
fff01300 t InstructionBreakpoint
fff01400 t SMI
fff01500 t Trap_15
fff01600 t Trap_16
fff01700 t Trap_17
fff01800 t Trap_18
fff01900 t Trap_19
fff01a00 t Trap_1a
fff01b00 t Trap_1b
fff01c00 t Trap_1c
fff01d00 t Trap_1d
fff01e00 t Trap_1e
fff01f00 t Trap_1f
fff02000 t Trap_20
fff02100 t Trap_21
fff02200 t Trap_22
fff02300 t Trap_23
fff02400 t Trap_24
fff02500 t Trap_25
fff02600 t Trap_26
fff02700 t Trap_27
fff02800 t Trap_28
fff02900 t Trap_29
fff02a00 t Trap_2a
fff02b00 t Trap_2b
fff02c00 t Trap_2c
fff02d00 t Trap_2d
fff02e00 t Trap_2e
fff02f00 t Trap_2f
fff02f90 T _end_of_vectors
fff03000 T transfer_to_handler
fff03098 t int_return
fff03178 T init_8260_core
fff0324c T icache_enable
fff03278 T icache_disable
fff032a0 T icache_status
fff032ac T dcache_enable
fff032d8 T dcache_disable
fff03300 T dcache_status
fff0330c T get_pvr
fff03314 T relocate_code
fff03404 t in_ram
fff0345c t clear_bss
fff0348c T trap_init
fff03540 t trap_reloc
fff03564 T print_backtrace
fff03624 T show_regs
fff03710 T _exception
fff03774 T dump_pci
fff03840 T MachineCheckException
fff03950 T AlignmentException
fff039a0 T ProgramCheckException
fff039f0 T SoftEmuException
fff03a40 T UnknownException
fff03aa0 T DebugException
fff03af0 T addr_probe
fff03b04 T cpu_init_f
fff03d30 T cpu_init_r
fff03d58 T prt_8260_rsr
fff03e00 t m8260_unmask_irq
fff03e74 T interrupt_init_cpu
fff03f0c T external_interrupt
fff03fe8 T irq_install_handler
fff04088 T irq_free_handler
fff0412c T timer_interrupt_cpu
fff0413c T do_irqinfo
fff041d0 T m8260_cpm_reset
fff0423c T m8260_cpm_dpalloc
fff042f4 T m8260_cpm_hostalloc
fff04314 T m8260_cpm_setbrg
fff04384 T m8260_cpm_fastbrg
fff043e4 T m8260_cpm_extcbrg
fff04450 T strcpy
fff0446c T strncpy
fff04494 T strcat
fff044c0 T strcmp
fff044e4 T strlen
fff044fc T memset
fff04558 T bcopy
fff04568 T memmove
fff04570 T memcpy
fff0460c T backwards_memcpy
fff04694 T memcmp
fff046c4 T memchr
fff046f0 T sbrk
fff04760 T strmhz
fff04808 t init_baudrate
fff0487c t init_func_ram
fff04900 T hang
fff04930 T board_init_f
fff04a64 T board_init_r
fff04cc8 T search_exception_table
fff04d90 T usec2ticks
fff04e14 T udelay
fff04e38 T ticks2usec
fff04e6c T init_timebase
fff04e88 T enable_interrupts
fff04ea0 T disable_interrupts
fff04ec0 T interrupt_init
fff04f2c T timer_interrupt
fff04f8c T reset_timer
fff04fd0 T get_timer
fff05014 T set_timer
fff05050 T get_ticks
fff05068 T wait_ticks
fff05098 T NetSetEther
fff05138 T ArpRequest
fff05280 t startAgainTimeout
fff052c0 t startAgainHandler
fff052d0 T NetSetTimeout
fff05330 T NetSetHandler
fff05370 T NetStartAgain
fff05470 T ArpTimeoutCheck
fff05508 T NetSendPacket
fff05528 T NetCksum
fff05580 T NetSetIP
fff05678 T NetSendUDPPacket
fff057e8 T PingSend
fff0595c t PingTimeout
fff059a4 t PingHandler
fff05a08 t CDP_compute_csum
fff05aec T CDPSendTrigger
fff05bcc t CDPTimeout
fff05c50 t CDPDummyHandler
fff05c5c T NetCksumOk
fff05c90 T NetEthHdrSize
fff05cf4 T copy_filename
fff05d60 T ip_to_string
fff05db8 T print_IPaddr
fff05df4 T NetReceive
fff063f0 T string_to_ip
fff06488 T getenv_IPaddr
fff064b0 T VLAN_to_string
fff06528 T string_to_VLAN
fff0657c T getenv_VLAN
fff065a4 T NetLoop
fff06aa4 t TftpSend
fff06c2c t TftpHandler
fff06eb4 t TftpTimeout
fff06f38 T TftpStart
fff07144 t BootpCopyNetParams
fff07214 t truncate_sz
fff07274 t DhcpExtended
fff073e0 T BootpRequest
fff075cc t BootpTimeout
fff07634 t DhcpOptionsProcess
fff07858 t DhcpHandler
fff07bbc T DhcpRequest
fff07be0 t RarpHandler
fff07c60 T RarpRequest
fff07d70 t RarpTimeout
fff07dd8 T eth_get_dev
fff07e18 T eth_get_dev_by_name
fff07ea8 T eth_get_dev_index
fff07f2c T eth_register
fff07ff4 T eth_initialize
fff0827c T eth_set_enetaddr
fff08370 T eth_try_another
fff08420 T eth_init
fff084c0 T eth_halt
fff08524 T eth_send
fff08594 T eth_rx
fff085f8 T eth_set_current
fff08690 T eth_get_name
fff086d8 t basename
fff08724 t dirname
fff08760 t rpc_add_credentials
fff0882c t rpc_req
fff08930 t rpc_lookup_req
fff08990 t NfsSend
fff08bfc t rpc_lookup_reply
fff08cc0 t NfsTimeout
fff08d0c t NfsHandler
fff091d8 T NfsStart
fff09418 T pci_hose_read_config_byte
fff09440 T pci_hose_read_config_word
fff09468 T pci_hose_read_config_dword
fff09490 T pci_hose_write_config_byte
fff094b8 T pci_hose_write_config_word
fff094e0 T pci_hose_write_config_dword
fff09508 T pci_hose_read_config_byte_via_dword
fff09560 T pci_hose_read_config_word_via_dword
fff095b8 T pci_hose_write_config_byte_via_dword
fff0964c T pci_hose_write_config_word_via_dword
fff096e8 T pci_register_hose
fff09748 T pci_bus_to_hose
fff097bc T pci_write_config_dword
fff09818 T pci_write_config_word
fff09874 T pci_write_config_byte
fff098d0 T pci_read_config_dword
fff09938 T pci_read_config_word
fff099a0 T pci_read_config_byte
fff09a0c T pci_find_devices
fff09b4c T pci_find_device
fff09b9c T pci_hose_phys_to_bus
fff09c58 T pci_hose_bus_to_phys
fff09d18 T pci_hose_config_device
fff09eb8 T pci_find_config
fff09f60 T pci_cfgfunc_config_device
fff09f90 T pci_cfgfunc_do_nothing
fff09fa0 T pci_hose_scan_bus
fff0a170 T pci_hose_scan
fff0a198 T pci_init
fff0a20c T main_loop
fff0a4c8 t delete_char
fff0a5d4 T readline
fff0a7cc T run_command
fff0acec T do_run
fff0ad98 T autoscript
fff0af10 T do_autoscript
fff0af80 t print_num
fff0afd0 t print_str
fff0b020 T do_bdinfo
fff0b1c0 T do_go
fff0b274 T do_bootd
fff0b2d0 T print_image_hdr
fff0b574 t image_info
fff0b66c T do_iminfo
fff0b714 t do_bootm_linux
fff0bad8 t zalloc
fff0bb04 t zfree
fff0bb2c T gunzip
fff0bcb8 T do_bootm
fff0c224 T bz_internal_error
fff0c26c t on_off
fff0c2d8 T do_dcache
fff0c388 T do_icache
fff0c438 T do_coninfo
fff0c540 t abbrev_spec
fff0c6d0 t addr_spec
fff0c86c t flash_fill_sect_ranges
fff0ca5c T do_flinfo
fff0cb20 T flash_sect_erase
fff0cc24 T do_flerase
fff0cdc8 T flash_sect_protect
fff0ced8 T do_protect
fff0d18c T do_updateboot
fff0d228 T do_diskboot
fff0d550 T ide_get_dev
fff0d594 t ide_wait
fff0d624 T ide_write
fff0d7dc t ident_cpy
fff0d8ac T ide_init
fff0db94 T do_ide
fff0dfa4 T ide_read
fff0e20c t unimplemented
fff0e254 T do_siuinfo
fff0e338 T do_memcinfo
fff0e464 T do_sitinfo
fff0e488 T do_icinfo
fff0e4b0 T do_carinfo
fff0e534 t header
fff0e5b0 t binary
fff0e694 T do_iopinfo
fff0e8c8 T do_iopset
fff0eb74 T do_dmainfo
fff0eb98 T do_fccinfo
fff0ebc0 t prbrg
fff0ecf0 T do_brginfo
fff0ed6c T do_i2cinfo
fff0eebc T do_sccinfo
fff0eee0 T do_smcinfo
fff0ef04 T do_spiinfo
fff0ef28 T do_muxinfo
fff0ef4c T do_siinfo
fff0ef70 T do_mccinfo
fff0ef94 t evalexp
fff0f004 t evalstr
fff0f04c T binary_test
fff0f25c T do_itest
fff0f328 T do_load_serial
fff0f630 t write_record
fff0f684 T do_save_serial
fff0f860 T send_pad
fff0f8b8 T ktrans
fff0f8ec T chk1
fff0f920 T s1_sendpacket
fff0f968 T send_ack
fff0f9f4 T send_nack
fff0fa80 t bin_data_init
fff0fadc t bin_data_char
fff0fb48 T k_data_init
fff0fb9c T k_data_save
fff0fc14 T k_data_restore
fff0fc8c T k_data_char
fff0fd1c T handle_send_packet
fff0ff30 t getcxmodem
fff0ff64 T do_load_serial_bin
fff104f0 T cmd_get_data_size
fff10584 T do_mem_md
fff10794 T do_mem_mw
fff108a0 T do_mem_cmp
fff10a68 T do_mem_cp
fff10bcc T do_mem_base
fff10c3c T do_mem_loop
fff10d84 T do_mem_mtest
fff10ee8 t mod_mem
fff11094 T do_mem_nm
fff110b4 T do_mem_mm
fff110d8 T do_mem_crc
fff111b8 T MII_dump_0_to_5
fff1144c t extract_range
fff114c4 T do_mii
fff1199c T do_sleep
fff11a54 t netboot_common
fff11d00 T do_nfs
fff11d14 T do_dhcp
fff11d28 T do_rarpb
fff11d3c T do_tftpb
fff11d50 T do_bootp
fff11d68 T do_ping
fff11e28 T do_cdp
fff11f18 t envmatch
fff11fc0 T do_printenv
fff121b0 T _do_setenv
fff126fc T setenv
fff1275c T do_setenv
fff127c8 T do_askenv
fff12988 T getenv
fff12a48 T getenv_r
fff12b5c T do_saveenv
fff12bb8 t pci_classes_str
fff12d20 T pci_header_show_brief
fff12dbc T pci_header_show
fff13708 T pciinfo
fff13860 t pci_cfg_write
fff138b4 t pci_cfg_modify
fff13a04 T do_pci
fff13dfc T do_portio_out
fff13ec0 T do_portio_in
fff13f64 T do_version
fff13fac T do_echo
fff14054 T do_test
fff144a4 T do_exit
fff144e4 T find_cmd
fff145b8 T do_help
fff147b4 t console_setfile
fff1488c T serial_printf
fff14934 T fgetc
fff14990 T ftstc
fff149ec T fputc
fff14a48 T fputs
fff14aa0 T fprintf
fff14b40 T getc
fff14b78 T tstc
fff14bb0 T putc
fff14bec T puts
fff14c28 T printf
fff14ccc T vprintf
fff14d10 T ctrlc
fff14d94 T disable_ctrlc
fff14ddc T had_ctrlc
fff14e1c T clear_ctrlc
fff14e5c T dbg
fff14eac T console_assign
fff14f78 T console_init_f
fff14f94 T console_init_r
fff15164 T device_register
fff151b4 T devices_init
fff1529c T devices_done
fff152e4 T malloc_bin_reloc
fff15344 T malloc_trim
fff15438 T free
fff156a8 T malloc
fff15d18 T realloc
fff161a4 T memalign
fff162e0 T valloc
fff16308 T pvalloc
fff16338 T calloc
fff16448 T cfree
fff16468 T malloc_usable_size
fff164c0 T mallopt
fff16570 T env_crc_update
fff165c8 t env_get_char_init
fff1661c T env_get_char_memory
fff16670 T env_get_addr
fff166c8 T env_relocate
fff16774 T env_get_char_spec
fff1678c T env_init
fff16814 T saveenv
fff168ec T env_relocate_spec
fff16938 t dummy
fff16944 T get_version
fff16958 T jumptable_init
fff16a34 T flash_protect
fff16b30 T addr2info
fff16ba8 T flash_write
fff16d54 T flash_perror
fff16e4c t syntax_err
fff16e88 t b_addchr
fff16f2c t b_reset
fff16f54 t b_free
fff16f98 t b_addqchr
fff17020 T simple_itoa
fff17098 t static_get
fff170c8 t static_peek
fff170e0 t file_get
fff17304 t file_peek
fff1731c t setup_string_in_str
fff17374 t is_assignment
fff17410 t indenter
fff1744c t free_pipe_list
fff17564 t set_local_var
fff17758 t xmalloc
fff177a4 T new_pipe
fff177e4 t xrealloc
fff17830 t done_command
fff178d4 t initialize_context
fff17924 t done_pipe
fff1798c T reserved_word
fff17ad8 t done_word
fff17c80 T mapset
fff17cd8 T update_ifs_map
fff17d68 T u_boot_hush_start
fff17e10 t insert_var_value
fff17ffc t run_list_real
fff1882c t parse_stream_outer
fff18eb4 T parse_file_outer
fff18f20 T parse_string_outer
fff19004 T NewHandle
fff19088 T DisposeHandle
fff190c4 T GetHandleSize
fff190d4 T SetHandleSize
fff19174 T ListCreate
fff191dc T ListSetAllocationPolicy
fff191f4 T ListDispose
fff19214 T ListInsertItems
fff19428 T ListInsertItem
fff1944c T ListGetItems
fff194b0 T ListGetPtrToItem
fff194f4 T ListGetDataPtr
fff19508 T ListGetItemSize
fff1951c T ListNumItems
fff19534 T miiphy_init
fff19584 T miiphy_register
fff196a0 T miiphy_set_current_dev
fff19730 T miiphy_get_current_dev
fff19780 T miiphy_read
fff19874 T miiphy_write
fff19968 T miiphy_listdev
fff199fc T miiphy_info
fff19ab0 T miiphy_reset
fff19b8c T miiphy_speed
fff19c54 T miiphy_duplex
fff19d18 t hex1_bin
fff19d60 t hex2_bin
fff19dc8 T srec_decode
fff1a06c T CYGACC_COMM_IF_GETC_TIMEOUT
fff1a0e0 T CYGACC_COMM_IF_PUTC
fff1a104 T parse_num
fff1a25c t xyzModem_flush
fff1a2b0 t xyzModem_get_hdr
fff1a584 T xyzModem_stream_open
fff1a718 T xyzModem_stream_read
fff1aa08 T xyzModem_stream_close
fff1aa78 T xyzModem_stream_terminate
fff1ab7c T xyzModem_error
fff1ac1c T cyg_crc16
fff1ac8c t default_bzalloc
fff1acb0 t default_bzfree
fff1ace0 T BZ2_bzDecompressInit
fff1add8 T BZ2_indexIntoF
fff1ae24 T BZ2_bzDecompress
fff1bd18 T BZ2_bzDecompressEnd
fff1bdd4 T BZ2_bzBuffToBuffDecompress
fff1bed4 T BZ2_bzlibVersion
fff1bf10 T BZ2_decompress
fff1e738 T BZ2_hbMakeCodeLengths
fff1eb48 T BZ2_hbAssignCodes
fff1eba0 T BZ2_hbCreateDecodeTables
fff1ed2c T crc32
fff1ee7c T display_options
fff1eec8 T print_size
fff1ef80 T strncat
fff1efd8 T strncmp
fff1f024 T strchr
fff1f058 T strrchr
fff1f0ac T strnlen
fff1f0f0 T strdup
fff1f144 T strspn
fff1f1a8 T strpbrk
fff1f1f8 T strtok
fff1f2ac T strsep
fff1f30c T strswab
fff1f374 T memscan
fff1f3a0 T strstr
fff1f430 T simple_strtoul
fff1f524 T simple_strtol
fff1f560 t skip_atoi
fff1f5b8 t number
fff1f814 T vsprintf
fff1fd90 T sprintf
fff1fe10 T panic
fff1febc t inflate_codes_free
fff1fef4 t inflate_trees_free
fff1ff54 t inflate_blocks_reset
fff2004c T inflateEnd
fff2010c T inflateReset
fff20178 T inflateSync
fff202c4 T inflateInit2
fff2044c T inflateInit
fff20470 t inflate_codes_new
fff204dc T inflateIncomp
fff2062c t inflate_flush
fff207f0 t huft_build
fff20d14 t falloc
fff20d64 t ffree
fff20d74 T inflate
fff22900 T adler32
fff22a8c T reset_phy
fff22ac8 T marvel_mdio_dir_read
fff22afc T marvel_mdio_read
fff22b18 T marvel_mdio_write
fff22b4c T marvel_mdc_write
fff22b80 T pulsa_reset_compactflash
fff22bf0 T initdram
fff22e10 T checkboard
fff22e54 T pci_init_board
fff22e94 T flash_print_info
fff23000 t flash_get_size
fff2327c T flash_init
fff23308 T flash_erase
fff23508 T write_buff
fff235e8 T boot_update
fff23718 T serial_setbrg
fff2375c T serial_init
fff2387c T serial_putc
fff238ec T serial_puts
fff2392c T serial_getc
fff23968 T serial_tstc
fff23990 T checkcpu
fff23c0c T upmconfig
fff23d04 T do_reset
fff23d54 T get_tbclk
fff23d70 T get_clocks
fff23e94 T prt_8260_clks
fff24040 t fec_send
fff24174 t fec_recv
fff24254 t fec_init
fff24518 t fec_halt
fff24544 T fec_initialize
fff245ec T pci_mpc8250_init
fff247ec T flush_cache
fff2485c T dev_print
fff249f4 T init_part
fff24a30 T get_partition_info
fff24a70 T print_part
fff24b3c T test_part_dos
fff24ba4 t print_partition_extended
fff24e5c t get_partition_info_extended
fff25168 T print_part_dos
fff251b8 T get_partition_info_dos
fff251d8 t indirect_read_config_byte
fff25238 t indirect_read_config_word
fff2529c t indirect_read_config_dword
fff252f8 t indirect_write_config_byte
fff25354 t indirect_write_config_word
fff253b4 t indirect_write_config_dword
fff25410 T pci_setup_indirect
fff2547c t miiphy_pre
fff2566c T bb_miiphy_read
fff257b8 T bb_miiphy_write
fff258e0 t CDP_SNAP_hdr
fff25a64 t baudrate_table
fff25ac4 t crc16_tab
fff25d68 t crc_table
fff261dc T iop_conf_tab
fff2e000 A _erotext
fff2e000 D _GOT2_TABLE_
fff2f400 D _FIXUP_TABLE_
fff2f400 D version_string
fff2f428 d n.1
fff2f42c d irq_to_siureg
fff2f46c d irq_to_siubit
fff2f4ac d nfs_offset
fff2f4b0 d tab_seq
fff2f4bc d erase_seq
fff2f4c0 d curr_device
fff2f4c4 d cmd.3
fff2f4c8 d do_echo
fff2f4cc d mmap_threshold
fff2f4d0 d trim_threshold
fff2f4d4 d sbrk_base
fff2f4d8 D default_environment
fff2f5ac d flash_addr
fff2f5b0 d blanks.2
fff2f5d8 D BZ2_crc32Table
fff2f9d8 D BZ2_rNums
fff301d8 D _ctype
fff302d8 d inflate_mask
fff3031c d border
fff30368 d cpdext
fff303e0 d cpdist
fff30458 d cplext
fff304d4 d cplens
fff30550 d fixed_left
fff30554 d UPMCTable
fff30654 d UPMBTable
fff30754 d brg_map
fff3075c d ether_fcc_info
fff30774 D ex_tab_message
fff30778 D NetOurNativeVLAN
fff3077a D NetOurVLAN
fff3077c D NetCDPAddr
fff30784 D NetBcastAddr
fff3078c D load_addr
fff30790 D dp_last_length
fff30794 D ShortPCIListing
fff30798 D env_get_char
fff3079c D env_ptr
fff307a0 D env_name_spec
fff307a4 D zlib_version
fff307a8 d bits.0
fff307d8 d failed
fff307dc D op_table
fff30844 D reg_5_desc_tbl
fff308d4 D reg_4_desc_tbl
fff30964 D reg_3_desc_tbl
fff30988 D reg_2_desc_tbl
fff30994 D reg_1_desc_tbl
fff30a54 D reg_0_desc_tbl
fff30acc D reg_0_5_desc_tbl
fff30afc D stdio_names
fff30b08 d av_
fff30f10 d reserved_list
fff30f94 D z_errmsg
fff30fb4 D corecnf_tab
fff311b4 D init_sequence
fff311e8 D desc_and_len_tbl
fff31218 A _edata
fff31218 D __u_boot_cmd_autoscr
fff31218 D __u_boot_cmd_start
fff31230 D __u_boot_cmd_bdinfo
fff31248 D __u_boot_cmd_reset
fff31260 D __u_boot_cmd_go
fff31278 D __u_boot_cmd_iminfo
fff31290 D __u_boot_cmd_bootd
fff312a8 D __u_boot_cmd_boot
fff312c0 D __u_boot_cmd_bootm
fff312d8 D __u_boot_cmd_dcache
fff312f0 D __u_boot_cmd_icache
fff31308 D __u_boot_cmd_coninfo
fff31320 D __u_boot_cmd_updateboot
fff31338 D __u_boot_cmd_protect
fff31350 D __u_boot_cmd_erase
fff31368 D __u_boot_cmd_flinfo
fff31380 D __u_boot_cmd_diskboot
fff31398 D __u_boot_cmd_ide
fff313b0 D __u_boot_cmd_mccinfo
fff313c8 D __u_boot_cmd_siinfo
fff313e0 D __u_boot_cmd_muxinfo
fff313f8 D __u_boot_cmd_spiinfo
fff31410 D __u_boot_cmd_smcinfo
fff31428 D __u_boot_cmd_sccinfo
fff31440 D __u_boot_cmd_i2cinfo
fff31458 D __u_boot_cmd_brginfo
fff31470 D __u_boot_cmd_fccinfo
fff31488 D __u_boot_cmd_dmainfo
fff314a0 D __u_boot_cmd_iopset
fff314b8 D __u_boot_cmd_iopinfo
fff314d0 D __u_boot_cmd_carinfo
fff314e8 D __u_boot_cmd_icinfo
fff31500 D __u_boot_cmd_sitinfo
fff31518 D __u_boot_cmd_memcinfo
fff31530 D __u_boot_cmd_siuinfo
fff31548 D __u_boot_cmd_itest
fff31560 D __u_boot_cmd_loady
fff31578 D __u_boot_cmd_loadb
fff31590 D __u_boot_cmd_saves
fff315a8 D __u_boot_cmd_loads
fff315c0 D __u_boot_cmd_mtest
fff315d8 D __u_boot_cmd_loop
fff315f0 D __u_boot_cmd_base
fff31608 D __u_boot_cmd_crc32
fff31620 D __u_boot_cmd_cmp
fff31638 D __u_boot_cmd_cp
fff31650 D __u_boot_cmd_mw
fff31668 D __u_boot_cmd_nm
fff31680 D __u_boot_cmd_mm
fff31698 D __u_boot_cmd_md
fff316b0 D __u_boot_cmd_mii
fff316c8 D __u_boot_cmd_sleep
fff316e0 D __u_boot_cmd_irqinfo
fff316f8 D __u_boot_cmd_cdp
fff31710 D __u_boot_cmd_ping
fff31728 D __u_boot_cmd_nfs
fff31740 D __u_boot_cmd_dhcp
fff31758 D __u_boot_cmd_rarpboot
fff31770 D __u_boot_cmd_tftpboot
fff31788 D __u_boot_cmd_bootp
fff317a0 D __u_boot_cmd_run
fff317b8 D __u_boot_cmd_askenv
fff317d0 D __u_boot_cmd_saveenv
fff317e8 D __u_boot_cmd_setenv
fff31800 D __u_boot_cmd_printenv
fff31818 D __u_boot_cmd_pci
fff31830 D __u_boot_cmd_in
fff31848 D __u_boot_cmd_out
fff31860 D __u_boot_cmd_question_mark
fff31878 D __u_boot_cmd_help
fff31890 D __u_boot_cmd_exit
fff318a8 D __u_boot_cmd_test
fff318c0 D __u_boot_cmd_echo
fff318d8 D __u_boot_cmd_version
fff318f0 A __start___ex_table
fff318f0 A __stop___ex_table
fff318f0 D __u_boot_cmd_end
fff32000 A __bss_start
fff32000 A __init_begin
fff32000 A __init_end
fff32000 b ppc_cached_irq_mask
fff32008 b mem_malloc_brk
fff3200c b mem_malloc_start
fff32010 b mem_malloc_end
fff32014 B monitor_flash_len
fff32018 b timestamp
fff3201c b decrementer_count
fff32020 B NetTxPacket
fff32024 B NetRestartWrap
fff32028 B NetEtherNullAddr
fff32030 B NetServerEther
fff32036 B NetBootFileSize
fff32038 B NetOurDNSIP
fff3203c B NetOurGatewayIP
fff32040 B NetOurSubnetMask
fff32044 b NetDevExists
fff32048 b NetRestarted
fff3204c b mac.0
fff32054 b packetHandler
fff32058 b timeHandler
fff3205c b timeStart
fff32060 b timeDelta
fff32064 b PingSeqNo
fff32068 b CDPSeq
fff3206c b CDPOK
fff32070 B CDPApplianceVLAN
fff32074 B NetArpWaitTry
fff32078 B NetArpWaitPacketMAC
fff3207c B NetOurEther
fff32084 B NetOurIP
fff32088 B NetPingIP
fff3208c B NetServerIP
fff32090 B NetArpWaitTxPacketSize
fff32094 B NetArpWaitReplyIP
fff32098 B NetArpWaitTxPacket
fff3209c B NetArpWaitPacketIP
fff320a0 B NetState
fff320a4 B NetIPID
fff320a8 B NetRxPkt
fff320ac B CDPNativeVLAN
fff320b0 B NetRxPktLen
fff320b4 B NetBootFileXferSize
fff320b8 B NetArpWaitTimerStart
fff320bc b TftpServerPort
fff320c0 b TftpOurPort
fff320c4 b TftpTimeoutCount
fff320c8 b TftpBlock
fff320cc b TftpLastBlock
fff320d0 b TftpBlockWrap
fff320d4 b TftpBlockWrapOffset
fff320d8 b TftpState
fff320dc b tftp_filename
fff320e0 B NetDHCPServerIP
fff320e4 B dhcp_leasetime
fff320e8 B dhcp_state
fff320ec B BootpTry
fff320f0 B BootpID
fff320f4 B RarpTry
fff320f8 b first_failed.0
fff320fc b eth_devices
fff32100 b eth_current
fff32104 b rpc_id
fff32108 b fs_mounted
fff3210c b nfs_len
fff32110 b NfsDownloadState
fff32114 b NfsServerIP
fff32118 b NfsSrvMountPort
fff3211c b NfsSrvNfsPort
fff32120 b NfsOurPort
fff32124 b NfsTimeoutCount
fff32128 b NfsState
fff3212c b nfs_filename
fff32130 b nfs_path
fff32134 b hose_head
fff32138 B ide_bus_offset
fff3213c b ide_bus_ok
fff32140 b port.0
fff32144 b pin.1
fff32148 b value.2
fff3214c b counter
fff32150 b os_data_state
fff32154 b os_data_state_saved
fff32158 b os_data_count_saved
fff3215c b os_data_addr
fff32160 b os_data_addr_saved
fff32164 b bin_start_address
fff32168 b k_data_escape
fff3216c b k_data_escape_saved
fff32170 B his_pad_char
fff32174 B os_data_count
fff32178 B os_data_init
fff3217c B send_ptr
fff32180 B os_data_char
fff32184 B his_eol
fff32185 B his_quote
fff32188 B his_pad_count
fff3218c b base_address
fff32190 B dp_last_size
fff32194 B dp_last_addr
fff32198 B mm_last_size
fff3219c B mm_last_addr
fff321a0 B last_reg_hi
fff321a4 B last_data
fff321a8 B last_addr_hi
fff321ac B last_reg_lo
fff321b0 B last_op
fff321b4 B last_addr_lo
fff321b8 b in_last_addr
fff321bc b in_last_size
fff321c0 b out_last_addr
fff321c4 b out_last_size
fff321c8 b out_last_value
fff321cc b ctrlc_was_pressed
fff321d0 b ctrlc_disabled
fff321d4 B devlist
fff321d8 b n_mmaps_max
fff321dc b top_pad
fff321e0 b max_total_mem
fff321e4 b mmapped_mem
fff321e8 b max_sbrked_mem
fff321ec b top_vars
fff321f0 b do_repeat
fff321f4 b flag_repeat
fff321f8 b ifs
fff321fc B nesting_level
fff32200 B last_return_code
fff32204 b mii_devs
fff3220c b current_mii
fff32210 B ___strtok
fff32214 b fixed_built
fff32218 b fixed_lock
fff3221c b fixed_bl
fff32220 b fixed_bd
fff32224 b fixed_tl
fff32228 b fixed_td
fff3222c b rxIdx
fff32230 b txIdx
fff32234 b irq_handlers
fff32534 B NetOurRootPath
fff32574 B NetOurHostName
fff32594 B NetOurNISDomain
fff325b4 b default_filename
fff325c4 b dirfh
fff325e4 b filefh
fff32604 b default_filename
fff32644 b nfs_path_buff
fff32e44 b ids.0
fff32e54 b a_b
fff32e6c B stdio_devices
fff32e78 b current_mallinfo
fff32ea0 b local.3
fff32eb8 b the_command.0
fff32fb8 b buf.1
fff32fe0 b map
fff330e0 b xyz
fff3351c b fixed_mem
fff345b0 b txbuf
fff351b0 b rtx
fff351e0 B NetRxPackets
fff351f0 B BootFile
fff35270 B NetArpWaitPacketBuf
fff35890 B PktBuf
fff376b0 B console_buffer
fff377b0 B header
fff377f0 B ide_dev_desc
fff37854 B os_data_header
fff37874 B send_parms
fff37888 B hose
fff37960 B flash_info
fff379cc A _end
fff38774 D _SDA_BASE_
fff387a8 D _SDA2_BASE_
