cmd_nvedit.c:725:12:do_env_delete	32	static
cmd_nvedit.c:162:12:do_env_grep	96	dynamic
cmd_nvedit.c:95:12:env_print	72	static
cmd_nvedit.c:125:12:do_env_print	32	static
cmd_nvedit.c:1062:12:do_env	32	static
cmd_nvedit.c:918:12:do_env_import	56	static
cmd_nvedit.c:688:12:do_env_default	16	static
cmd_nvedit.c:648:12:do_env_save	16	static
cmd_nvedit.c:198:12:0	96	static
cmd_nvedit.c:313:12:do_env_set	8	static
cmd_nvedit.c:84:5:get_env_id	16	static
cmd_nvedit.c:272:5:setenv	32	static
cmd_nvedit.c:806:12:do_env_export	96	static
cmd_nvedit.c:289:5:setenv_ulong	16	static
cmd_nvedit.c:304:5:setenv_addr	48	static
cmd_nvedit.c:672:5:envmatch	32	static
cmd_nvedit.c:591:5:getenv_f	32	static
cmd_nvedit.c:567:7:getenv	72	static
cmd_nvedit.c:539:12:do_env_edit	272	static
cmd_nvedit.c:635:7:getenv_ulong	24	static
