miiphyutil.c:83:12:legacy_miiphy_read	24	static
miiphyutil.c:94:12:legacy_miiphy_write	8	static
miiphyutil.c:54:17:miiphy_get_dev_by_name	24	static
miiphyutil.c:77:6:miiphy_init	16	static
miiphyutil.c:154:17:mdio_alloc	16	static
miiphyutil.c:107:6:miiphy_register	40	static
miiphyutil.c:170:5:mdio_register	24	static
miiphyutil.c:191:6:mdio_list_devices	48	static
miiphyutil.c:216:5:miiphy_set_current_dev	16	static
miiphyutil.c:267:24:miiphy_get_active_dev	24	static
miiphyutil.c:232:17:mdio_get_current_dev	16	static
miiphyutil.c:237:20:mdio_phydev_for_ethname	32	static
miiphyutil.c:259:13:miiphy_get_current_dev	16	static
miiphyutil.c:291:5:miiphy_read	32	static
miiphyutil.c:319:5:miiphy_write	32	static
miiphyutil.c:335:6:miiphy_listdev	24	static
miiphyutil.c:364:5:miiphy_info	56	static
miiphyutil.c:562:5:miiphy_is_1000base_x	32	static
miiphyutil.c:502:5:miiphy_duplex	40	static
miiphyutil.c:449:5:miiphy_speed	40	static
