Archive member included because of file (symbol)

/opt/fsl/1.2/sysroots/ppce500mc-fsl-linux/usr/lib/powerpc-fsl-linux/4.6.2/libgcc.a(_lshrdi3.o)
                              arch/powerpc/cpu/mpc8xxx/ddr/libddr.o (__lshrdi3)
/opt/fsl/1.2/sysroots/ppce500mc-fsl-linux/usr/lib/powerpc-fsl-linux/4.6.2/libgcc.a(_ashldi3.o)
                              arch/powerpc/cpu/mpc85xx/libmpc85xx.o (__ashldi3)
/opt/fsl/1.2/sysroots/ppce500mc-fsl-linux/usr/lib/powerpc-fsl-linux/4.6.2/libgcc.a(_udivdi3.o)
                              arch/powerpc/cpu/mpc8xxx/lib8xxx.o (__udivdi3)
/opt/fsl/1.2/sysroots/ppce500mc-fsl-linux/usr/lib/powerpc-fsl-linux/4.6.2/libgcc.a(crtsavgpr.o)
                              arch/powerpc/cpu/mpc85xx/libmpc85xx.o (_savegpr_31)
/opt/fsl/1.2/sysroots/ppce500mc-fsl-linux/usr/lib/powerpc-fsl-linux/4.6.2/libgcc.a(crtresxgpr.o)
                              arch/powerpc/cpu/mpc85xx/libmpc85xx.o (_restgpr_14_x)

Allocating common symbols
Common symbol       size              file

ext_fs              0x48              fs/ext4/libext4fs.o
console_buffer      0x101             common/libcommon.o
NetArpWaitTry       0x4               net/libnet.o
NetArpWaitPacketMAC
                    0x4               net/libnet.o
flash_info          0x540             drivers/mtd/libmtd.o
NetOurEther         0x6               net/libnet.o
NetOurIP            0x4               net/libnet.o
NetPingIP           0x4               net/libnet.o
part_offset         0x4               fs/ext4/libext4fs.o
NetServerIP         0x4               net/libnet.o
monitor_flash_len   0x4               arch/powerpc/lib/libpowerpc.o
save_addr           0x4               common/libcommon.o
___strtok           0x4               lib/libgeneric.o
NetArpWaitTxPacketSize
                    0x4               net/libnet.o
NetRxPackets        0x10              net/libnet.o
ext4fs_indir1_size  0x4               fs/ext4/libext4fs.o
NetArpWaitPacketIP  0x4               net/libnet.o
BootpTry            0x4               net/libnet.o
ext4fs_indir2_block
                    0x4               fs/ext4/libext4fs.o
BootFile            0x80              net/libnet.o
eth_current         0x4               net/libnet.o
ext4fs_indir3_block
                    0x4               fs/ext4/libext4fs.o
NetServerEther      0x6               net/libnet.o
ext4fs_symlinknest  0x4               fs/ext4/libext4fs.o
NetOurSubnetMask    0x4               net/libnet.o
NetBootFileSize     0x2               net/libnet.o
NetIPID             0x4               net/libnet.o
NetRxPacket         0x4               net/libnet.o
net_state           0x4               net/libnet.o
images              0x1f8             common/libcommon.o
ppaact              0x4               arch/powerpc/cpu/mpc8xxx/lib8xxx.o
BootpID             0x4               net/libnet.o
NetOurGatewayIP     0x4               net/libnet.o
NetEtherNullAddr    0x6               net/libnet.o
working_fdt         0x4               common/libcommon.o
do_fat_read_at_block
                    0x10000           fs/fat/libfat.o
ext4fs_indir3_size  0x4               fs/ext4/libext4fs.o
g_parent_inode      0x4               fs/ext4/libext4fs.o
NetRestartWrap      0x4               net/libnet.o
ext4fs_indir2_size  0x4               fs/ext4/libext4fs.o
ext4fs_indir1_block
                    0x4               fs/ext4/libext4fs.o
save_size           0x4               common/libcommon.o
sec                 0x4               arch/powerpc/cpu/mpc8xxx/lib8xxx.o
ext4fs_file         0x4               fs/ext4/libext4fs.o
NetTxPacket         0x4               net/libnet.o
get_dentfromdir_block
                    0x10000           fs/fat/libfat.o
NetBootFileXferSize
                    0x4               net/libnet.o
ext4fs_root         0x4               fs/ext4/libext4fs.o
muram               0x10              drivers/net/fm/libfm.o
NetOurDNSIP         0x4               net/libnet.o
NetRxPacketLen      0x4               net/libnet.o
get_contents_vfatname_block
                    0x10000           fs/fat/libfat.o
NetArpWaitTimerStart
                    0x4               net/libnet.o

Discarded input sections

 .data          0x00000000        0x0 arch/powerpc/cpu/mpc85xx/start.o
 .bss           0x00000000        0x0 arch/powerpc/cpu/mpc85xx/start.o
 .text          0x00000000        0x0 arch/powerpc/cpu/mpc85xx/resetvec.o
 .data          0x00000000        0x0 arch/powerpc/cpu/mpc85xx/resetvec.o
 .bss           0x00000000        0x0 arch/powerpc/cpu/mpc85xx/resetvec.o
 .text.serdes_get_lane_idx
                0x00000000       0x30 arch/powerpc/cpu/mpc85xx/libmpc85xx.o
 .text.__fsl_serdes__init
                0x00000000        0x4 arch/powerpc/cpu/mpc85xx/libmpc85xx.o
 .text.clear_ddr_tlbs
                0x00000000       0x2c arch/powerpc/cpu/mpc85xx/libmpc85xx.o
 .text.PITException
                0x00000000       0x2c arch/powerpc/cpu/mpc85xx/libmpc85xx.o
 .text.addr_probe
[...]
Memory Configuration

Name             Origin             Length             Attributes
*default*        0x00000000         0xffffffff

Linker script and memory map

                0x00000074                . = SIZEOF_HEADERS

.interp
 *(.interp)

.text           0xe9f80000    0x3f0c8
 *(.text*)
 .text          0xe9f80000     0x1930 arch/powerpc/cpu/mpc85xx/start.o
                0xe9f80000                _start
                0xe9f80004                version_string
                0xe9f80040                _start_cont
                0xe9f80100                _start_of_vectors
                0xe9f80fa4                _end_of_vectors
                0xe9f81000                transfer_to_handler
                0xe9f8133c                flush_icache
                0xe9f8133c                invalidate_icache
                0xe9f81358                invalidate_dcache
                0xe9f81374                icache_enable
                0xe9f8139c                icache_disable
                0xe9f813b8                icache_status
                0xe9f813c4                dcache_enable
                0xe9f813f4                dcache_disable
                0xe9f81410                dcache_status
                0xe9f8141c                get_pir
                0xe9f81424                get_pvr
                0xe9f8142c                get_svr
                0xe9f81434                wr_tcr
                0xe9f8143c                in8
                0xe9f81444                out8
                0xe9f81450                out16
                0xe9f8145c                out16r
                0xe9f81468                out32
                0xe9f81474                out32r
                0xe9f81480                in16
                0xe9f81488                in16r
                0xe9f81490                in32
                0xe9f81498                in32r
                0xe9f814a0                write_tlb
                0xe9f814d0                relocate_code
                0xe9f815b8                in_ram
                0xe9f81650                trap_init
                0xe9f81778                unlock_ram_in_cache
                0xe9f817cc                flush_dcache
                0xe9f81838                setup_ivors
 *fill*         0xe9f81930      0x6d0 00
 .text          0xe9f82000     0x21c0 arch/powerpc/cpu/mpc85xx/libmpc85xx.o
                0xe9f82000                __secondary_start_page
                0xe9f82240                __bootpg_addr
                0xe9f82244                __spin_table_addr
                0xe9f82280                enable_cpu_a011_workaround
                0xe9f83000                __second_half_boot_page
                0xe9f831c0                __spin_table
                0xe9f832c0                spin_table_compat
 .text.do_errata
                0xe9f841c0       0xdc arch/powerpc/cpu/mpc85xx/libmpc85xx.o
 .text.fsl_ddr_set_memctl_regs
                0xe9f8429c      0x840 arch/powerpc/cpu/mpc85xx/libmpc85xx.o
                0xe9f8429c                fsl_ddr_set_memctl_regs
 .text.ft_fixup_cpu
                0xe9f84adc      0x288 arch/powerpc/cpu/mpc85xx/libmpc85xx.o
                0xe9f84adc                ft_fixup_cpu
 .text.fdt_add_enet_stashing
                0xe9f84d64       0xcc arch/powerpc/cpu/mpc85xx/libmpc85xx.o
                0xe9f84d64                fdt_add_enet_stashing
 .text.fdt_fixup_fman_firmware
                0xe9f84e30      0x274 arch/powerpc/cpu/mpc85xx/libmpc85xx.o
                0xe9f84e30                fdt_fixup_fman_firmware
 .text.ft_cpu_setup
                0xe9f850a4      0x8b8 arch/powerpc/cpu/mpc85xx/libmpc85xx.o
                0xe9f850a4                ft_cpu_setup
 .text.ft_verify_fdt
                0xe9f8595c      0x16c arch/powerpc/cpu/mpc85xx/libmpc85xx.o
                0xe9f8595c                ft_verify_fdt
 .text.set_liodn
                0xe9f85ac8       0x4c arch/powerpc/cpu/mpc85xx/libmpc85xx.o
 .text.fdt_fixup_liodn_tbl
                0xe9f85b14       0xa8 arch/powerpc/cpu/mpc85xx/libmpc85xx.o
 .text.get_dpaa_liodn
                0xe9f85bbc       0x60 arch/powerpc/cpu/mpc85xx/libmpc85xx.o
                0xe9f85bbc                get_dpaa_liodn
 .text.set_liodns
                0xe9f85c1c      0x1ec arch/powerpc/cpu/mpc85xx/libmpc85xx.o
                0xe9f85c1c                set_liodns
 .text.fdt_fixup_liodn
                0xe9f85e08      0x1f0 arch/powerpc/cpu/mpc85xx/libmpc85xx.o
                0xe9f85e08                fdt_fixup_liodn
 .text.get_my_id
                0xe9f85ff8        0x8 arch/powerpc/cpu/mpc85xx/libmpc85xx.o
                0xe9f85ff8                get_my_id
 .text.hold_cores_in_reset
                0xe9f86000       0x58 arch/powerpc/cpu/mpc85xx/libmpc85xx.o
                0xe9f86000                hold_cores_in_reset
 .text.cpu_reset
                0xe9f86058       0x3c arch/powerpc/cpu/mpc85xx/libmpc85xx.o
                0xe9f86058                cpu_reset
 .text.cpu_disable
                0xe9f86094       0x34 arch/powerpc/cpu/mpc85xx/libmpc85xx.o
                0xe9f86094                cpu_disable
 .text.is_core_disabled
                0xe9f860c8       0x28 arch/powerpc/cpu/mpc85xx/libmpc85xx.o
                0xe9f860c8                is_core_disabled
 .text.cpu_status
                0xe9f860f0       0xc0 arch/powerpc/cpu/mpc85xx/libmpc85xx.o
                0xe9f860f0                cpu_status
 .text.cpu_release
                0xe9f861b0       0xe4 arch/powerpc/cpu/mpc85xx/libmpc85xx.o
                0xe9f861b0                cpu_release
 .text.determine_mp_bootpg
                0xe9f86294       0x4c arch/powerpc/cpu/mpc85xx/libmpc85xx.o
                0xe9f86294                determine_mp_bootpg
 .text.get_spin_phys_addr
                0xe9f862e0       0x28 arch/powerpc/cpu/mpc85xx/libmpc85xx.o
                0xe9f862e0                get_spin_phys_addr
 .text.cpu_mp_lmb_reserve
                0xe9f86308       0x40 arch/powerpc/cpu/mpc85xx/libmpc85xx.o
                0xe9f86308                cpu_mp_lmb_reserve
 .text.setup_mp
                0xe9f86348      0x278 arch/powerpc/cpu/mpc85xx/libmpc85xx.o
                0xe9f86348                setup_mp
 .text.fdt_qportal
                0xe9f865c0      0x238 arch/powerpc/cpu/mpc85xx/libmpc85xx.o
 .text.setup_portals
                0xe9f867f8       0xa4 arch/powerpc/cpu/mpc85xx/libmpc85xx.o
                0xe9f867f8                setup_portals
 .text.fdt_portal
                0xe9f8689c      0x174 arch/powerpc/cpu/mpc85xx/libmpc85xx.o
                0xe9f8689c                fdt_portal
 .text.fdt_fixup_qportals
                0xe9f86a10      0x238 arch/powerpc/cpu/mpc85xx/libmpc85xx.o
                0xe9f86a10                fdt_fixup_qportals
 .text.fdt_fixup_bportals
                0xe9f86c48      0x10c arch/powerpc/cpu/mpc85xx/libmpc85xx.o
                0xe9f86c48                fdt_fixup_bportals
 .text.serdes_get_bank_by_lane
                0xe9f86d54       0x34 arch/powerpc/cpu/mpc85xx/libmpc85xx.o
                0xe9f86d54                serdes_get_bank_by_lane
 .text.serdes_lane_enabled
                0xe9f86d88       0x8c arch/powerpc/cpu/mpc85xx/libmpc85xx.o
                0xe9f86d88                serdes_lane_enabled
 .text.is_serdes_configured
                0xe9f86e14       0x60 arch/powerpc/cpu/mpc85xx/libmpc85xx.o
                0xe9f86e14                is_serdes_configured
 .text.serdes_get_first_lane
                0xe9f86e74       0x88 arch/powerpc/cpu/mpc85xx/libmpc85xx.o
                0xe9f86e74                serdes_get_first_lane
 .text.__soc_serdes_init
                0xe9f86efc        0x4 arch/powerpc/cpu/mpc85xx/libmpc85xx.o
                0xe9f86efc                soc_serdes_init
 .text.fsl_serdes_init
                0xe9f86f00      0x1e4 arch/powerpc/cpu/mpc85xx/libmpc85xx.o
                0xe9f86f00                fsl_serdes_init
 .text.serdes_get_prtcl
                0xe9f870e4       0x80 arch/powerpc/cpu/mpc85xx/libmpc85xx.o
                0xe9f870e4                serdes_get_prtcl
 .text.is_serdes_prtcl_valid
                0xe9f87164       0x94 arch/powerpc/cpu/mpc85xx/libmpc85xx.o
                0xe9f87164                is_serdes_prtcl_valid
 .text.__board_reset
                0xe9f871f8        0x4 arch/powerpc/cpu/mpc85xx/libmpc85xx.o
                0xe9f871f8                board_reset
 .text.checkcpu
                0xe9f871fc      0x2c8 arch/powerpc/cpu/mpc85xx/libmpc85xx.o
                0xe9f871fc                checkcpu
 .text.do_reset
                0xe9f874c4       0x40 arch/powerpc/cpu/mpc85xx/libmpc85xx.o
                0xe9f874c4                do_reset
 .text.get_tbclk
                0xe9f87504       0x10 arch/powerpc/cpu/mpc85xx/libmpc85xx.o
                0xe9f87504                get_tbclk
 .text.cpu_mmc_init
                0xe9f87514       0x20 arch/powerpc/cpu/mpc85xx/libmpc85xx.o
                0xe9f87514                cpu_mmc_init
 .text.mpc85xx_reginfo
                0xe9f87534       0x28 arch/powerpc/cpu/mpc85xx/libmpc85xx.o
                0xe9f87534                mpc85xx_reginfo
 .text.arch_memory_test_advance
                0xe9f8755c      0x180 arch/powerpc/cpu/mpc85xx/libmpc85xx.o
                0xe9f8755c                arch_memory_test_advance
 .text.arch_memory_test_prepare
                0xe9f876dc       0xa8 arch/powerpc/cpu/mpc85xx/libmpc85xx.o
                0xe9f876dc                arch_memory_test_prepare
 .text.arch_memory_test_cleanup
                0xe9f87784       0xcc arch/powerpc/cpu/mpc85xx/libmpc85xx.o
                0xe9f87784                arch_memory_test_cleanup
 .text.arch_memory_failure_handle
                0xe9f87850      0x150 arch/powerpc/cpu/mpc85xx/libmpc85xx.o
                0xe9f87850                arch_memory_failure_handle
 .text.cpu_init_f
                0xe9f879a0       0xe4 arch/powerpc/cpu/mpc85xx/libmpc85xx.o
                0xe9f879a0                cpu_init_f
 .text.cpu_init_r
                0xe9f87a84      0x24c arch/powerpc/cpu/mpc85xx/libmpc85xx.o
                0xe9f87a84                cpu_init_r
 .text.arch_preboot_os
                0xe9f87cd0       0x34 arch/powerpc/cpu/mpc85xx/libmpc85xx.o
                0xe9f87cd0                arch_preboot_os
 .text.cpu_secondary_init_r
                0xe9f87d04        0x4 arch/powerpc/cpu/mpc85xx/libmpc85xx.o
                0xe9f87d04                cpu_secondary_init_r
 .text.cpu_init_early_f
                0xe9f87d08       0x78 arch/powerpc/cpu/mpc85xx/libmpc85xx.o
                0xe9f87d08                cpu_init_early_f
 .text.interrupt_init_cpu
                0xe9f87d80       0xb4 arch/powerpc/cpu/mpc85xx/libmpc85xx.o
                0xe9f87d80                interrupt_init_cpu
 .text.irq_install_handler
                0xe9f87e34        0x4 arch/powerpc/cpu/mpc85xx/libmpc85xx.o
                0xe9f87e34                irq_install_handler
 .text.irq_free_handler
                0xe9f87e38        0x4 arch/powerpc/cpu/mpc85xx/libmpc85xx.o
                0xe9f87e38                irq_free_handler
 .text.timer_interrupt_cpu
                0xe9f87e3c        0xc arch/powerpc/cpu/mpc85xx/libmpc85xx.o
                0xe9f87e3c                timer_interrupt_cpu
 .text.do_irqinfo
                0xe9f87e48        0x8 arch/powerpc/cpu/mpc85xx/libmpc85xx.o
                0xe9f87e48                do_irqinfo
 .text.get_sys_info
                0xe9f87e50      0x30c arch/powerpc/cpu/mpc85xx/libmpc85xx.o
                0xe9f87e50                get_sys_info
 .text.get_clocks
                0xe9f8815c       0x6c arch/powerpc/cpu/mpc85xx/libmpc85xx.o
                0xe9f8815c                get_clocks
 .text.get_bus_freq
                0xe9f881c8        0x8 arch/powerpc/cpu/mpc85xx/libmpc85xx.o
                0xe9f881c8                get_bus_freq
 .text.get_ddr_freq
                0xe9f881d0        0x8 arch/powerpc/cpu/mpc85xx/libmpc85xx.o
                0xe9f881d0                get_ddr_freq
 .text.invalidate_tlb
                0xe9f881d8       0x24 arch/powerpc/cpu/mpc85xx/libmpc85xx.o
                0xe9f881d8                invalidate_tlb
 .text.init_tlbs
                0xe9f881fc       0x5c arch/powerpc/cpu/mpc85xx/libmpc85xx.o
                0xe9f881fc                init_tlbs
 .text.read_tlbcam_entry
                0xe9f88258       0x4c arch/powerpc/cpu/mpc85xx/libmpc85xx.o
                0xe9f88258                read_tlbcam_entry
 .text.print_tlbcam
                0xe9f882a4       0xa8 arch/powerpc/cpu/mpc85xx/libmpc85xx.o
                0xe9f882a4                print_tlbcam
 .text.init_used_tlb_cams
                0xe9f8834c       0x78 arch/powerpc/cpu/mpc85xx/libmpc85xx.o
                0xe9f8834c                init_used_tlb_cams
 .text.find_free_tlbcam
                0xe9f883c4       0x78 arch/powerpc/cpu/mpc85xx/libmpc85xx.o
                0xe9f883c4                find_free_tlbcam
 .text.set_tlb  0xe9f8843c      0x10c arch/powerpc/cpu/mpc85xx/libmpc85xx.o
                0xe9f8843c                set_tlb
 .text.disable_tlb
                0xe9f88548       0x94 arch/powerpc/cpu/mpc85xx/libmpc85xx.o
                0xe9f88548                disable_tlb
 .text.find_tlb_idx
                0xe9f885dc       0x38 arch/powerpc/cpu/mpc85xx/libmpc85xx.o
                0xe9f885dc                find_tlb_idx
 .text.init_addr_map
                0xe9f88614       0x94 arch/powerpc/cpu/mpc85xx/libmpc85xx.o
                0xe9f88614                init_addr_map
 .text.setup_ddr_tlbs_phys
                0xe9f886a8      0x1a8 arch/powerpc/cpu/mpc85xx/libmpc85xx.o
                0xe9f886a8                setup_ddr_tlbs_phys
 .text.setup_ddr_tlbs
                0xe9f88850       0x2c arch/powerpc/cpu/mpc85xx/libmpc85xx.o
                0xe9f88850                setup_ddr_tlbs
 .text.clear_ddr_tlbs_phys
                0xe9f8887c       0xac arch/powerpc/cpu/mpc85xx/libmpc85xx.o
                0xe9f8887c                clear_ddr_tlbs_phys
 .text.print_backtrace
                0xe9f88928       0xa4 arch/powerpc/cpu/mpc85xx/libmpc85xx.o
 .text.show_regs
                0xe9f889cc       0xc4 arch/powerpc/cpu/mpc85xx/libmpc85xx.o
                0xe9f889cc                show_regs
 .text.CritcalInputException
                0xe9f88a90       0x20 arch/powerpc/cpu/mpc85xx/libmpc85xx.o
                0xe9f88a90                CritcalInputException
 .text.MachineCheckException
                0xe9f88ab0      0x1a4 arch/powerpc/cpu/mpc85xx/libmpc85xx.o
                0xe9f88ab0                MachineCheckException
 .text.AlignmentException
                0xe9f88c54       0x30 arch/powerpc/cpu/mpc85xx/libmpc85xx.o
                0xe9f88c54                AlignmentException
 .text.ProgramCheckException
                0xe9f88c84       0x5c arch/powerpc/cpu/mpc85xx/libmpc85xx.o
                0xe9f88c84                ProgramCheckException
 .text.UnknownException
                0xe9f88ce0       0x50 arch/powerpc/cpu/mpc85xx/libmpc85xx.o
                0xe9f88ce0                UnknownException
 .text.ExtIntException
                0xe9f88d30       0x68 arch/powerpc/cpu/mpc85xx/libmpc85xx.o
                0xe9f88d30                ExtIntException
 .text.DebugException
                0xe9f88d98       0x38 arch/powerpc/cpu/mpc85xx/libmpc85xx.o
                0xe9f88d98                DebugException
 .text.invalidate_dcache_range
                0xe9f88dd0        0x4 arch/powerpc/cpu/mpc85xx/libmpc85xx.o
                0xe9f88dd0                invalidate_dcache_range
 .text.flush_dcache_range
                0xe9f88dd4        0x4 arch/powerpc/cpu/mpc85xx/libmpc85xx.o
                0xe9f88dd4                flush_dcache_range
 .text.fsl_ddr_get_spd
                0xe9f88dd8        0x4 arch/powerpc/cpu/mpc8xxx/ddr/libddr.o
                0xe9f88dd8                fsl_ddr_get_spd
 .text.fsl_ddr_get_intl3r
                0xe9f88ddc        0x8 arch/powerpc/cpu/mpc8xxx/ddr/libddr.o
                0xe9f88ddc                fsl_ddr_get_intl3r
 .text.board_add_ram_info
                0xe9f88de4      0x168 arch/powerpc/cpu/mpc8xxx/ddr/libddr.o
                0xe9f88de4                board_add_ram_info
 .text.identify_cpu
                0xe9f88f4c       0x68 arch/powerpc/cpu/mpc8xxx/lib8xxx.o
                0xe9f88f4c                identify_cpu
 .text.cpu_mask
                0xe9f88fb4       0x6c arch/powerpc/cpu/mpc8xxx/lib8xxx.o
                0xe9f88fb4                cpu_mask
 .text.cpu_numcores
                0xe9f89020       0x9c arch/powerpc/cpu/mpc8xxx/lib8xxx.o
                0xe9f89020                cpu_numcores
 .text.is_core_valid
                0xe9f890bc       0x3c arch/powerpc/cpu/mpc8xxx/lib8xxx.o
                0xe9f890bc                is_core_valid
 .text.probecpu
                0xe9f890f8       0x40 arch/powerpc/cpu/mpc8xxx/lib8xxx.o
                0xe9f890f8                probecpu
 .text.fixup_cpu
                0xe9f89138       0x40 arch/powerpc/cpu/mpc8xxx/lib8xxx.o
                0xe9f89138                fixup_cpu
 .text.cpu_eth_init
                0xe9f89178       0x24 arch/powerpc/cpu/mpc8xxx/lib8xxx.o
                0xe9f89178                cpu_eth_init
 .text.ft_fixup_num_cores
                0xe9f8919c      0x134 arch/powerpc/cpu/mpc8xxx/lib8xxx.o
                0xe9f8919c                ft_fixup_num_cores
 .text.fdt_fixup_crypto_node
                0xe9f892d0      0x124 arch/powerpc/cpu/mpc8xxx/lib8xxx.o
                0xe9f892d0                fdt_fixup_crypto_node
 .text.fdt_fixup_phy_connection
                0xe9f893f4       0x60 arch/powerpc/cpu/mpc8xxx/lib8xxx.o
                0xe9f893f4                fdt_fixup_phy_connection
 .text.print_lbc_regs
                0xe9f89454       0xb0 arch/powerpc/cpu/mpc8xxx/lib8xxx.o
                0xe9f89454                print_lbc_regs
 .text.init_early_memctl_regs
                0xe9f89504       0xac arch/powerpc/cpu/mpc8xxx/lib8xxx.o
                0xe9f89504                init_early_memctl_regs
 .text.set_law  0xe9f895b0       0x74 arch/powerpc/cpu/mpc8xxx/lib8xxx.o
                0xe9f895b0                set_law
 .text.set_next_law
                0xe9f89624       0x68 arch/powerpc/cpu/mpc8xxx/lib8xxx.o
                0xe9f89624                set_next_law
 .text.set_last_law
                0xe9f8968c       0x6c arch/powerpc/cpu/mpc8xxx/lib8xxx.o
                0xe9f8968c                set_last_law
 .text.find_law
                0xe9f896f8       0xfc arch/powerpc/cpu/mpc8xxx/lib8xxx.o
                0xe9f896f8                find_law
 .text.print_laws
                0xe9f897f4       0xd0 arch/powerpc/cpu/mpc8xxx/lib8xxx.o
                0xe9f897f4                print_laws
 .text.set_ddr_laws
                0xe9f898c4      0x1e4 arch/powerpc/cpu/mpc8xxx/lib8xxx.o
                0xe9f898c4                set_ddr_laws
 .text.init_laws
                0xe9f89aa8       0xdc arch/powerpc/cpu/mpc8xxx/lib8xxx.o
                0xe9f89aa8                init_laws
 .text          0xe9f89b84      0x334 arch/powerpc/lib/libpowerpc.o
                0xe9f89b84                strcpy
                0xe9f89ba0                strncpy
                0xe9f89bc8                strcat
                0xe9f89bf4                strcmp
                0xe9f89c18                strlen
                0xe9f89c30                memset
                0xe9f89c8c                bcopy
                0xe9f89c9c                memmove
                0xe9f89ca4                memcpy
                0xe9f89d40                backwards_memcpy
                0xe9f89dc8                memcmp
                0xe9f89df8                memchr
                0xe9f89e20                ppcDcbf
                0xe9f89e28                ppcDcbi
                0xe9f89e30                ppcDcbz
                0xe9f89e38                ppcSync
                0xe9f89e40                get_ticks
                0xe9f89e58                wait_ticks
                0xe9f89e90                trap_reloc
 .text.init_baudrate
                0xe9f89eb8       0x40 arch/powerpc/lib/libpowerpc.o
 .text.init_func_i2c
                0xe9f89ef8       0x44 arch/powerpc/lib/libpowerpc.o
 .text.init_func_ram
                0xe9f89f3c       0x80 arch/powerpc/lib/libpowerpc.o
 .text.__board_flash_wp_on
                0xe9f89fbc        0x8 arch/powerpc/lib/libpowerpc.o
                0xe9f89fbc                board_flash_wp_on
 .text.get_effective_memsize
                0xe9f89fc4       0x10 arch/powerpc/lib/libpowerpc.o
                0xe9f89fc4                get_effective_memsize
 .text.hang     0xe9f89fd4       0x2c arch/powerpc/lib/libpowerpc.o
                0xe9f89fd4                hang
 .text.board_init_r
                0xe9f8a000      0x174 arch/powerpc/lib/libpowerpc.o
                0xe9f8a000                board_init_r
 .text.board_init_f
                0xe9f8a174      0x138 arch/powerpc/lib/libpowerpc.o
                0xe9f8a174                board_init_f
 .text.boot_cmdline_linux
                0xe9f8a2ac       0x58 arch/powerpc/lib/libpowerpc.o
 .text.boot_bd_t_linux
                0xe9f8a304       0x8c arch/powerpc/lib/libpowerpc.o
 .text.boot_jump_linux
                0xe9f8a390       0x80 arch/powerpc/lib/libpowerpc.o
 .text.arch_lmb_reserve
                0xe9f8a410       0xd4 arch/powerpc/lib/libpowerpc.o
                0xe9f8a410                arch_lmb_reserve
 .text.do_bootm_linux
                0xe9f8a4e4      0x200 arch/powerpc/lib/libpowerpc.o
                0xe9f8a4e4                do_bootm_linux
 .text.flush_cache
                0xe9f8a6e4       0x5c arch/powerpc/lib/libpowerpc.o
                0xe9f8a6e4                flush_cache
 .text.search_exception_table
                0xe9f8a740       0x58 arch/powerpc/lib/libpowerpc.o
                0xe9f8a740                search_exception_table
 .text.enable_interrupts
                0xe9f8a798       0x10 arch/powerpc/lib/libpowerpc.o
                0xe9f8a798                enable_interrupts
 .text.disable_interrupts
                0xe9f8a7a8       0x14 arch/powerpc/lib/libpowerpc.o
                0xe9f8a7a8                disable_interrupts
 .text.interrupt_init
                0xe9f8a7bc       0x50 arch/powerpc/lib/libpowerpc.o
                0xe9f8a7bc                interrupt_init
 .text.timer_interrupt
                0xe9f8a80c       0x48 arch/powerpc/lib/libpowerpc.o
                0xe9f8a80c                timer_interrupt
 .text.get_timer
                0xe9f8a854       0x30 arch/powerpc/lib/libpowerpc.o
                0xe9f8a854                get_timer
 .text.usec2ticks
                0xe9f8a884       0x60 arch/powerpc/lib/libpowerpc.o
                0xe9f8a884                usec2ticks
 .text.__udelay
                0xe9f8a8e4       0x24 arch/powerpc/lib/libpowerpc.o
                0xe9f8a8e4                __udelay
 .text.init_timebase
                0xe9f8a908       0x14 arch/powerpc/lib/libpowerpc.o
                0xe9f8a908                init_timebase
 .text.fdt_set_phy_handle
                0xe9f8a91c       0xa8 board/freescale/common/libfreescale.o
                0xe9f8a91c                fdt_set_phy_handle
 .text.pci_init_board
                0xe9f8a9c4       0x24 board/freescale/common/libfreescale.o
                0xe9f8a9c4                pci_init_board
 .text.pci_of_setup
                0xe9f8a9e8       0x70 board/freescale/common/libfreescale.o
                0xe9f8a9e8                pci_of_setup
 .text.print_num
                0xe9f8aa58       0x34 common/libcommon.o
 .text.do_bdinfo
                0xe9f8aa8c      0x13c common/libcommon.o
                0xe9f8aa8c                do_bdinfo
 .text.__board_detail
                0xe9f8abc8        0x4 common/libcommon.o
                0xe9f8abc8                board_detail
 .text.do_go_exec
                0xe9f8abcc       0x30 common/libcommon.o
                0xe9f8abcc                do_go_exec
 .text.do_go    0xe9f8abfc       0x80 common/libcommon.o
 .text.do_imls  0xe9f8ac7c      0x104 common/libcommon.o
 .text.image_info
                0xe9f8ad80      0x10c common/libcommon.o
 .text.do_bootd
                0xe9f8ae8c       0x38 common/libcommon.o
                0xe9f8ae8c                do_bootd
 .text.do_bootm_rtems
                0xe9f8aec4       0x7c common/libcommon.o
 .text.do_iminfo
                0xe9f8af40       0x84 common/libcommon.o
 .text.do_bootm_qnxelf
                0xe9f8afc4       0x90 common/libcommon.o
 .text.do_bootm_vxworks
                0xe9f8b054       0x88 common/libcommon.o
 .text.do_bootm_netbsd
                0xe9f8b0dc      0x164 common/libcommon.o
 .text.bootm_load_os.isra.16
                0xe9f8b240      0x170 common/libcommon.o
 .text.bootm_start
                0xe9f8b3b0      0x720 common/libcommon.o
 .text.do_bootm
                0xe9f8bad0      0x4c4 common/libcommon.o
                0xe9f8bad0                do_bootm
 .text.bootm_maybe_autostart
                0xe9f8bf94       0x80 common/libcommon.o
                0xe9f8bf94                bootm_maybe_autostart
 .text.do_coninfo
                0xe9f8c014       0xdc common/libcommon.o
 .text.cnvrt2   0xe9f8c0f0       0x44 common/libcommon.o
 .text.mk_date  0xe9f8c134      0x1f8 common/libcommon.o
                0xe9f8c134                mk_date
 .text.do_date  0xe9f8c32c      0x124 common/libcommon.o
 .text.do_echo  0xe9f8c450       0xc8 common/libcommon.o
 .text.load_elf_image_shdr
                0xe9f8c518       0x9c common/libcommon.o
 .text.do_bootelf_exec
                0xe9f8c5b4       0x58 common/libcommon.o
                0xe9f8c5b4                do_bootelf_exec
 .text.valid_elf_image
                0xe9f8c60c       0x54 common/libcommon.o
                0xe9f8c60c                valid_elf_image
 .text.do_bootvx
                0xe9f8c660      0x26c common/libcommon.o
                0xe9f8c660                do_bootvx
 .text.do_bootelf
                0xe9f8c8cc      0x168 common/libcommon.o
                0xe9f8c8cc                do_bootelf
 .text.do_exit  0xe9f8ca34       0x3c common/libcommon.o
 .text.do_ext2load
                0xe9f8ca70       0x28 common/libcommon.o
                0xe9f8ca70                do_ext2load
 .text.do_ext2ls
                0xe9f8ca98       0x24 common/libcommon.o
                0xe9f8ca98                do_ext2ls
 .text.do_fat_ls
                0xe9f8cabc       0x24 common/libcommon.o
 .text.do_fat_fsload
                0xe9f8cae0       0x28 common/libcommon.o
                0xe9f8cae0                do_fat_fsload
 .text.do_fat_fsinfo
                0xe9f8cb08       0x9c common/libcommon.o
 .text.is_printable_string
                0xe9f8cba4       0xcc common/libcommon.o
 .text.fdt_valid
                0xe9f8cc70       0xc8 common/libcommon.o
 .text.print_data
                0xe9f8cd38      0x16c common/libcommon.o
 .text.set_working_fdt_addr
                0xe9f8cea4       0x44 common/libcommon.o
                0xe9f8cea4                set_working_fdt_addr
 .text.do_fdt   0xe9f8cee8      0xd9c common/libcommon.o
 .text.flash_fill_sect_ranges
                0xe9f8dc84      0x16c common/libcommon.o
 .text.abbrev_spec
                0xe9f8ddf0      0x148 common/libcommon.o
 .text.do_flinfo
                0xe9f8df38       0x6c common/libcommon.o
 .text.flash_sect_roundb
                0xe9f8dfa4       0xc0 common/libcommon.o
                0xe9f8dfa4                flash_sect_roundb
 .text.addr_spec
                0xe9f8e064       0xdc common/libcommon.o
 .text.flash_sect_erase
                0xe9f8e140       0xa4 common/libcommon.o
                0xe9f8e140                flash_sect_erase
 .text.do_flerase
                0xe9f8e1e4      0x178 common/libcommon.o
 .text.flash_sect_protect
                0xe9f8e35c       0xd8 common/libcommon.o
                0xe9f8e35c                flash_sect_protect
 .text.do_protect
                0xe9f8e434      0x27c common/libcommon.o
 .text.do_help  0xe9f8e6b0       0x58 common/libcommon.o
 .text.get_alen
                0xe9f8e708       0x48 common/libcommon.o
 .text.do_i2c   0xe9f8e750       0x78 common/libcommon.o
 .text.do_i2c_reset
                0xe9f8e7c8       0x30 common/libcommon.o
 .text.do_i2c_mw
                0xe9f8e7f8       0xfc common/libcommon.o
 .text.do_i2c_read
                0xe9f8e8f4       0xc4 common/libcommon.o
 .text.do_i2c_probe
                0xe9f8e9b8       0xb0 common/libcommon.o
 .text.do_i2c_md
                0xe9f8ea68      0x1c8 common/libcommon.o
 .text.do_i2c_crc
                0xe9f8ec30      0x110 common/libcommon.o
 .text.do_i2c_write
                0xe9f8ed40       0xf0 common/libcommon.o
 .text.do_i2c_loop
                0xe9f8ee30       0xe8 common/libcommon.o
 .text.mod_i2c_mem.isra.2
                0xe9f8ef18      0x1fc common/libcommon.o
 .text.do_i2c_nm
                0xe9f8f114        0x8 common/libcommon.o
 .text.do_i2c_mm
                0xe9f8f11c        0x8 common/libcommon.o
 .text.do_i2c_bus_num
                0xe9f8f124       0x80 common/libcommon.o
 .text.do_i2c_bus_speed
                0xe9f8f1a4       0x80 common/libcommon.o
 .text.do_interrupts
                0xe9f8f224       0x50 common/libcommon.o
 .text.evalexp  0xe9f8f274       0x94 common/libcommon.o
 .text.binary_test
                0xe9f8f308      0x1f0 common/libcommon.o
 .text.do_itest
                0xe9f8f4f8       0xa0 common/libcommon.o
 .text.bin_data_init
                0xe9f8f598       0x40 common/libcommon.o
 .text.k_data_save
                0xe9f8f5d8       0x54 common/libcommon.o
 .text.k_data_restore
                0xe9f8f62c       0x54 common/libcommon.o
 .text.load_serial_ymodem
                0xe9f8f680      0x120 common/libcommon.o
 .text.getcxmodem
                0xe9f8f7a0       0x38 common/libcommon.o
 .text.load_serial
                0xe9f8f7d8      0x208 common/libcommon.o
 .text.do_load_serial
                0xe9f8f9e0      0x198 common/libcommon.o
 .text.bin_data_char
                0xe9f8fb78       0x48 common/libcommon.o
 .text.s1_sendpacket.constprop.1
                0xe9f8fbc0       0x60 common/libcommon.o
 .text.chk1.constprop.2
                0xe9f8fc20       0x4c common/libcommon.o
 .text.do_load_serial_bin
                0xe9f8fc6c      0x714 common/libcommon.o
 .text.extract_range
                0xe9f90380       0xf4 common/libcommon.o
 .text.do_mdio  0xe9f90474      0x3c0 common/libcommon.o
 .text.do_mem_base
                0xe9f90834       0x54 common/libcommon.o
 .text.do_mem_mtest
                0xe9f90888      0x578 common/libcommon.o
 .text.do_mem_loop
                0xe9f90e00      0x10c common/libcommon.o
 .text.do_mem_cmp
                0xe9f90f0c      0x144 common/libcommon.o
 .text.do_mem_mw
                0xe9f91050       0xe0 common/libcommon.o
 .text.do_mem_crc
                0xe9f91130       0xb8 common/libcommon.o
 .text.do_mem_cp
                0xe9f911e8      0x138 common/libcommon.o
 .text.do_mem_md
                0xe9f91320       0xe8 common/libcommon.o
 .text.mod_mem.isra.0
                0xe9f91408      0x190 common/libcommon.o
 .text.do_mem_nm
                0xe9f91598        0x8 common/libcommon.o
 .text.do_mem_mm
                0xe9f915a0        0x8 common/libcommon.o
 .text.do_mii   0xe9f915a8      0x74c common/libcommon.o
 .text.do_sleep
                0xe9f91cf4       0x80 common/libcommon.o
 .text.do_mmcops
                0xe9f91d74      0x430 common/libcommon.o
 .text.do_mmcinfo
                0xe9f921a4      0x154 common/libcommon.o
 .text.cpu_cmd  0xe9f922f8      0x118 common/libcommon.o
 .text.netboot_common
                0xe9f92410      0x26c common/libcommon.o
 .text.do_nfs   0xe9f9267c        0xc common/libcommon.o
 .text.do_dhcp  0xe9f92688        0xc common/libcommon.o
 .text.do_bootp
                0xe9f92694        0xc common/libcommon.o
 .text.do_tftpb
                0xe9f926a0        0xc common/libcommon.o
                0xe9f926a0                do_tftpb
 .text.do_ping  0xe9f926ac       0x7c common/libcommon.o
 .text.do_env_delete
                0xe9f92728       0xc0 common/libcommon.o
 .text.do_env_grep
                0xe9f927e8      0x114 common/libcommon.o
 .text.env_print
                0xe9f928fc       0xcc common/libcommon.o
 .text.do_env_print
                0xe9f929c8       0xd4 common/libcommon.o
 .text.do_env   0xe9f92a9c       0x78 common/libcommon.o
 .text.do_env_import
                0xe9f92b14      0x234 common/libcommon.o
 .text.do_env_default
                0xe9f92d48       0xa0 common/libcommon.o
 .text.do_env_save
                0xe9f92de8       0x40 common/libcommon.o
 .text._do_env_set.isra.0
                0xe9f92e28      0x1dc common/libcommon.o
 .text.do_env_set
                0xe9f93004       0x1c common/libcommon.o
 .text.get_env_id
                0xe9f93020       0x2c common/libcommon.o
                0xe9f93020                get_env_id
 .text.setenv   0xe9f9304c       0x5c common/libcommon.o
                0xe9f9304c                setenv
 .text.do_env_export
                0xe9f930a8      0x240 common/libcommon.o
 .text.envmatch
                0xe9f932e8       0x78 common/libcommon.o
                0xe9f932e8                envmatch
 .text.getenv_f
                0xe9f93360       0xdc common/libcommon.o
                0xe9f93360                getenv_f
 .text.getenv   0xe9f9343c       0xa0 common/libcommon.o
                0xe9f9343c                getenv
 .text.do_env_edit
                0xe9f934dc       0x70 common/libcommon.o
 .text.getenv_ulong
                0xe9f9354c       0x40 common/libcommon.o
                0xe9f9354c                getenv_ulong
 .text.pci_cfg_write
                0xe9f9358c       0x54 common/libcommon.o
 .text.pci_cfg_modify.isra.0
                0xe9f935e0      0x138 common/libcommon.o
 .text.pci_header_show_brief
                0xe9f93718       0x88 common/libcommon.o
                0xe9f93718                pci_header_show_brief
 .text.pci_header_show
                0xe9f937a0      0x814 common/libcommon.o
                0xe9f937a0                pci_header_show
 .text.pciinfo  0xe9f93fb4      0x13c common/libcommon.o
                0xe9f93fb4                pciinfo
 .text.do_pci   0xe9f940f0      0x3bc common/libcommon.o
 .text.do_reginfo
                0xe9f944ac       0x24 common/libcommon.o
 .text.get_arg.part.0
                0xe9f944d0       0x58 common/libcommon.o
 .text.do_setexpr
                0xe9f94528      0x1cc common/libcommon.o
 .text.source   0xe9f946f4      0x1a8 common/libcommon.o
                0xe9f946f4                source
 .text.do_source
                0xe9f9489c       0x8c common/libcommon.o
                0xe9f9489c                do_source
 .text.do_false
                0xe9f94928        0x8 common/libcommon.o
 .text.do_true  0xe9f94930        0x8 common/libcommon.o
 .text.do_test  0xe9f94938      0x514 common/libcommon.o
 .text.do_version
                0xe9f94e4c       0x40 common/libcommon.o
 .text.do_imgextract
                0xe9f94e8c      0x360 common/libcommon.o
 .text.find_cmd_tbl
                0xe9f951ec       0xb0 common/libcommon.o
                0xe9f951ec                find_cmd_tbl
 .text.find_cmd
                0xe9f9529c       0x40 common/libcommon.o
                0xe9f9529c                find_cmd
 .text.cmd_usage
                0xe9f952dc       0x68 common/libcommon.o
                0xe9f952dc                cmd_usage
 .text._do_help
                0xe9f95344      0x1b0 common/libcommon.o
                0xe9f95344                _do_help
 .text.var_complete
                0xe9f954f4       0x78 common/libcommon.o
                0xe9f954f4                var_complete
 .text.cmd_auto_complete
                0xe9f9556c      0x4c0 common/libcommon.o
                0xe9f9556c                cmd_auto_complete
 .text.cmd_get_data_size
                0xe9f95a2c       0x6c common/libcommon.o
                0xe9f95a2c                cmd_get_data_size
 .text.cmd_process
                0xe9f95a98       0xc8 common/libcommon.o
                0xe9f95a98                cmd_process
 .text.console_setfile
                0xe9f95b60       0xbc common/libcommon.o
 .text.fgetc    0xe9f95c1c       0x48 common/libcommon.o
                0xe9f95c1c                fgetc
 .text.ftstc    0xe9f95c64       0x48 common/libcommon.o
                0xe9f95c64                ftstc
 .text.fputc    0xe9f95cac       0x44 common/libcommon.o
                0xe9f95cac                fputc
 .text.fputs    0xe9f95cf0       0x44 common/libcommon.o
                0xe9f95cf0                fputs
 .text.getc     0xe9f95d34       0x44 common/libcommon.o
                0xe9f95d34                getc
 .text.tstc     0xe9f95d78       0x44 common/libcommon.o
                0xe9f95d78                tstc
 .text.putc     0xe9f95dbc       0x48 common/libcommon.o
                0xe9f95dbc                putc
 .text.puts     0xe9f95e04       0x48 common/libcommon.o
                0xe9f95e04                puts
 .text.printf   0xe9f95e4c       0x84 common/libcommon.o
                0xe9f95e4c                printf
 .text.vprintf  0xe9f95ed0       0x50 common/libcommon.o
                0xe9f95ed0                vprintf
 .text.ctrlc    0xe9f95f20       0x6c common/libcommon.o
                0xe9f95f20                ctrlc
 .text.disable_ctrlc
                0xe9f95f8c       0x34 common/libcommon.o
                0xe9f95f8c                disable_ctrlc
 .text.had_ctrlc
                0xe9f95fc0       0x2c common/libcommon.o
                0xe9f95fc0                had_ctrlc
 .text.clear_ctrlc
                0xe9f95fec       0x30 common/libcommon.o
                0xe9f95fec                clear_ctrlc
 .text.search_device
                0xe9f9601c       0x40 common/libcommon.o
                0xe9f9601c                search_device
 .text.console_assign
                0xe9f9605c       0x64 common/libcommon.o
                0xe9f9605c                console_assign
 .text.on_console
                0xe9f960c0       0xd0 common/libcommon.o
 .text.console_init_f
                0xe9f96190       0x10 common/libcommon.o
                0xe9f96190                console_init_f
 .text.stdio_print_current_devices
                0xe9f961a0       0xb0 common/libcommon.o
                0xe9f961a0                stdio_print_current_devices
 .text.console_init_r
                0xe9f96250       0xf0 common/libcommon.o
                0xe9f96250                console_init_r
 .text.sbrk     0xe9f96340       0x78 common/libcommon.o
                0xe9f96340                sbrk
 .text.mem_malloc_init
                0xe9f963b8       0x48 common/libcommon.o
                0xe9f963b8                mem_malloc_init
 .text.malloc_trim
                0xe9f96400       0xd4 common/libcommon.o
                0xe9f96400                malloc_trim
 .text.free     0xe9f964d4      0x25c common/libcommon.o
                0xe9f964d4                free
 .text.malloc   0xe9f96730      0x630 common/libcommon.o
                0xe9f96730                malloc
 .text.calloc   0xe9f96d60       0xec common/libcommon.o
                0xe9f96d60                calloc
 .text.memalign
                0xe9f96e4c      0x12c common/libcommon.o
                0xe9f96e4c                memalign
 .text.realloc  0xe9f96f78      0x44c common/libcommon.o
                0xe9f96f78                realloc
 .text.reverse_strstr.part.0
                0xe9f973c4       0x70 common/libcommon.o
 .text.env_attr_walk
                0xe9f97434      0x120 common/libcommon.o
                0xe9f97434                env_attr_walk
 .text.env_attr_lookup
                0xe9f97554      0x160 common/libcommon.o
                0xe9f97554                env_attr_lookup
 .text.clear_callback
                0xe9f976b4       0x10 common/libcommon.o
 .text.on_callbacks
                0xe9f976c4       0x50 common/libcommon.o
 .text.find_env_callback
                0xe9f97714       0x74 common/libcommon.o
                0xe9f97714                find_env_callback
 .text.set_callback
                0xe9f97788       0xac common/libcommon.o
 .text.env_callback_init
                0xe9f97834       0xac common/libcommon.o
                0xe9f97834                env_callback_init
 .text.__env_get_char_spec
                0xe9f978e0        0xc common/libcommon.o
                0xe9f978e0                env_get_char_spec
 .text.env_get_addr
                0xe9f978ec       0x40 common/libcommon.o
                0xe9f978ec                env_get_addr
 .text.env_get_char_memory
                0xe9f9792c       0x24 common/libcommon.o
                0xe9f9792c                env_get_char_memory
 .text.env_get_char
                0xe9f97950       0x50 common/libcommon.o
                0xe9f97950                env_get_char
 .text.getenv_yesno
                0xe9f979a0       0x64 common/libcommon.o
                0xe9f979a0                getenv_yesno
 .text.getenv_default
                0xe9f97a04       0x40 common/libcommon.o
                0xe9f97a04                getenv_default
 .text.set_default_env
                0xe9f97a44       0xa8 common/libcommon.o
                0xe9f97a44                set_default_env
 .text.set_default_vars
                0xe9f97aec       0x40 common/libcommon.o
                0xe9f97aec                set_default_vars
 .text.env_import
                0xe9f97b2c       0xc4 common/libcommon.o
                0xe9f97b2c                env_import
 .text.env_relocate
                0xe9f97bf0       0x44 common/libcommon.o
                0xe9f97bf0                env_relocate
 .text.env_complete
                0xe9f97c34       0xec common/libcommon.o
                0xe9f97c34                env_complete
 .text.skip_num
                0xe9f97d20       0x94 common/libcommon.o
 .text.clear_flags
                0xe9f97db4       0x10 common/libcommon.o
 .text.on_flags
                0xe9f97dc4       0x50 common/libcommon.o
 .text.env_flags_parse_vartype
                0xe9f97e14       0x64 common/libcommon.o
                0xe9f97e14                env_flags_parse_vartype
 .text.env_flags_parse_varaccess
                0xe9f97e78       0x64 common/libcommon.o
                0xe9f97e78                env_flags_parse_varaccess
 .text.set_flags
                0xe9f97edc       0xc4 common/libcommon.o
 .text.env_flags_init
                0xe9f97fa0       0xb0 common/libcommon.o
                0xe9f97fa0                env_flags_init
 .text.env_flags_validate
                0xe9f98050      0x318 common/libcommon.o
                0xe9f98050                env_flags_validate
 .text.env_init
                0xe9f98368       0x70 common/libcommon.o
                0xe9f98368                env_init
 .text.saveenv  0xe9f983d8      0x180 common/libcommon.o
                0xe9f983d8                saveenv
 .text.env_relocate_spec
                0xe9f98558       0x28 common/libcommon.o
                0xe9f98558                env_relocate_spec
 .text.dummy    0xe9f98580        0x4 common/libcommon.o
 .text.get_version
                0xe9f98584        0x8 common/libcommon.o
                0xe9f98584                get_version
 .text.jumptable_init
                0xe9f9858c      0x16c common/libcommon.o
                0xe9f9858c                jumptable_init
 .text.of_bus_default_map
                0xe9f986f8       0xe4 common/libcommon.o
 .text.of_bus_default_count_cells
                0xe9f987dc       0x8c common/libcommon.o
 .text.of_bus_default_translate
                0xe9f98868       0x8c common/libcommon.o
 .text.fdt_getprop_u32_default
                0xe9f988f4       0x50 common/libcommon.o
                0xe9f988f4                fdt_getprop_u32_default
 .text.fdt_find_and_setprop
                0xe9f98944       0x84 common/libcommon.o
                0xe9f98944                fdt_find_and_setprop
 .text.fdt_initrd
                0xe9f989c8      0x1a8 common/libcommon.o
                0xe9f989c8                fdt_initrd
 .text.fdt_chosen
                0xe9f98b70      0x240 common/libcommon.o
                0xe9f98b70                fdt_chosen
 .text.do_fixup_by_path
                0xe9f98db0       0x4c common/libcommon.o
                0xe9f98db0                do_fixup_by_path
 .text.do_fixup_by_prop
                0xe9f98dfc       0xc4 common/libcommon.o
                0xe9f98dfc                do_fixup_by_prop
 .text.do_fixup_by_prop_u32
                0xe9f98ec0       0x34 common/libcommon.o
                0xe9f98ec0                do_fixup_by_prop_u32
 .text.do_fixup_by_compat
                0xe9f98ef4       0xac common/libcommon.o
                0xe9f98ef4                do_fixup_by_compat
 .text.do_fixup_by_compat_u32
                0xe9f98fa0       0x34 common/libcommon.o
                0xe9f98fa0                do_fixup_by_compat_u32
 .text.fdt_fixup_memory_banks
                0xe9f98fd4      0x270 common/libcommon.o
                0xe9f98fd4                fdt_fixup_memory_banks
 .text.fdt_fixup_memory
                0xe9f99244       0x3c common/libcommon.o
                0xe9f99244                fdt_fixup_memory
 .text.fdt_fixup_ethernet
                0xe9f99280      0x148 common/libcommon.o
                0xe9f99280                fdt_fixup_ethernet
 .text.fdt_resize
                0xe9f993c8       0xc8 common/libcommon.o
                0xe9f993c8                fdt_resize
 .text.fdt_pci_dma_ranges
                0xe9f99490      0x140 common/libcommon.o
                0xe9f99490                fdt_pci_dma_ranges
 .text.fdt_increase_size
                0xe9f995d0       0x2c common/libcommon.o
                0xe9f995d0                fdt_increase_size
 .text.fdt_del_node_and_alias
                0xe9f995fc       0x58 common/libcommon.o
                0xe9f995fc                fdt_del_node_and_alias
 .text.__of_translate_address
                0xe9f99654      0x290 common/libcommon.o
                0xe9f99654                __of_translate_address
 .text.fdt_translate_address
                0xe9f998e4       0x28 common/libcommon.o
                0xe9f998e4                fdt_translate_address
 .text.fdt_node_offset_by_compat_reg
                0xe9f9990c       0xa0 common/libcommon.o
                0xe9f9990c                fdt_node_offset_by_compat_reg
 .text.fdt_alloc_phandle
                0xe9f999ac       0x70 common/libcommon.o
                0xe9f999ac                fdt_alloc_phandle
 .text.fdt_set_phandle
                0xe9f99a1c       0x68 common/libcommon.o
                0xe9f99a1c                fdt_set_phandle
 .text.fdt_create_phandle
                0xe9f99a84       0x7c common/libcommon.o
                0xe9f99a84                fdt_create_phandle
 .text.fdt_set_node_status
                0xe9f99b00       0xd0 common/libcommon.o
                0xe9f99b00                fdt_set_node_status
 .text.fdt_verify_alias_address
                0xe9f99bd0       0xdc common/libcommon.o
                0xe9f99bd0                fdt_verify_alias_address
 .text.fdt_get_base_address
                0xe9f99cac       0x98 common/libcommon.o
                0xe9f99cac                fdt_get_base_address
 .text.flash_protect
                0xe9f99d44       0xd0 common/libcommon.o
                0xe9f99d44                flash_protect
 .text.addr2info
                0xe9f99e14       0x68 common/libcommon.o
                0xe9f99e14                addr2info
 .text.flash_write
                0xe9f99e7c      0x150 common/libcommon.o
                0xe9f99e7c                flash_write
 .text.flash_perror
                0xe9f99fcc       0xec common/libcommon.o
                0xe9f99fcc                flash_perror
 .text.b_reset  0xe9f9a0b8       0x20 common/libcommon.o
 .text.static_get
                0xe9f9a0d8       0x24 common/libcommon.o
 .text.static_peek
                0xe9f9a0fc        0xc common/libcommon.o
 .text.file_peek
                0xe9f9a108        0xc common/libcommon.o
 .text.mapset   0xe9f9a114       0x40 common/libcommon.o
 .text.syntax_err
                0xe9f9a154       0x28 common/libcommon.o
 .text.do_showvar
                0xe9f9a17c      0x110 common/libcommon.o
 .text.free_pipe_list
                0xe9f9a28c       0xf0 common/libcommon.o
 .text.b_addchr
                0xe9f9a37c       0x90 common/libcommon.o
 .text.b_addqchr
                0xe9f9a40c       0x70 common/libcommon.o
 .text.is_assignment.part.0
                0xe9f9a47c       0x4c common/libcommon.o
 .text.xmalloc  0xe9f9a4c8       0x38 common/libcommon.o
 .text.new_pipe
                0xe9f9a500       0x3c common/libcommon.o
 .text.file_get
                0xe9f9a53c      0x1cc common/libcommon.o
 .text.xrealloc
                0xe9f9a708       0x38 common/libcommon.o
 .text.done_command
                0xe9f9a740       0x94 common/libcommon.o
 .text.done_pipe
                0xe9f9a7d4       0x58 common/libcommon.o
 .text.done_word
                0xe9f9a82c      0x300 common/libcommon.o
 .text.get_local_var
                0xe9f9ab2c       0xa4 common/libcommon.o
                0xe9f9ab2c                get_local_var
 .text.set_local_var
                0xe9f9abd0      0x1b8 common/libcommon.o
                0xe9f9abd0                set_local_var
 .text.insert_var_value_sub
                0xe9f9ad88      0x2b0 common/libcommon.o
 .text.parse_string_outer
                0xe9f9b038       0xec common/libcommon.o
                0xe9f9b038                parse_string_outer
 .text.run_list_real
                0xe9f9b124      0x7fc common/libcommon.o
 .text.parse_stream_outer
                0xe9f9b920      0x708 common/libcommon.o
 .text.parse_file_outer
                0xe9f9c028       0x50 common/libcommon.o
                0xe9f9c028                parse_file_outer
 .text.u_boot_hush_start
                0xe9f9c078       0x60 common/libcommon.o
                0xe9f9c078                u_boot_hush_start
 .text.hwconfig_parse
                0xe9f9c0d8      0x120 common/libcommon.o
 .text.__hwconfig
                0xe9f9c1f8       0xf4 common/libcommon.o
 .text.hwconfig_arg_f
                0xe9f9c2ec        0x4 common/libcommon.o
                0xe9f9c2ec                hwconfig_arg_f
 .text.hwconfig_arg_cmp_f
                0xe9f9c2f0       0x60 common/libcommon.o
                0xe9f9c2f0                hwconfig_arg_cmp_f
 .text.genimg_print_time
                0xe9f9c350       0x48 common/libcommon.o
 .text.fdt_error
                0xe9f9c398       0x3c common/libcommon.o
 .text.on_loadaddr
                0xe9f9c3d4       0x4c common/libcommon.o
 .text.image_check_hcrc
                0xe9f9c420       0x58 common/libcommon.o
                0xe9f9c420                image_check_hcrc
 .text.image_check_dcrc
                0xe9f9c478       0x44 common/libcommon.o
                0xe9f9c478                image_check_dcrc
 .text.image_multi_count
                0xe9f9c4bc       0x20 common/libcommon.o
                0xe9f9c4bc                image_multi_count
 .text.image_multi_getimg
                0xe9f9c4dc       0x8c common/libcommon.o
                0xe9f9c4dc                image_multi_getimg
 .text.getenv_bootm_low
                0xe9f9c568       0x48 common/libcommon.o
                0xe9f9c568                getenv_bootm_low
 .text.getenv_bootm_size
                0xe9f9c5b0       0x80 common/libcommon.o
                0xe9f9c5b0                getenv_bootm_size
 .text.getenv_bootm_mapsize
                0xe9f9c630       0x54 common/libcommon.o
                0xe9f9c630                getenv_bootm_mapsize
 .text.memmove_wd
                0xe9f9c684       0x28 common/libcommon.o
                0xe9f9c684                memmove_wd
 .text.genimg_print_size
                0xe9f9c6ac       0x40 common/libcommon.o
                0xe9f9c6ac                genimg_print_size
 .text.get_table_entry_name
                0xe9f9c6ec       0x30 common/libcommon.o
                0xe9f9c6ec                get_table_entry_name
 .text.genimg_get_os_name
                0xe9f9c71c       0x30 common/libcommon.o
                0xe9f9c71c                genimg_get_os_name
 .text.genimg_get_arch_name
                0xe9f9c74c       0x30 common/libcommon.o
                0xe9f9c74c                genimg_get_arch_name
 .text.genimg_get_type_name
                0xe9f9c77c       0x30 common/libcommon.o
                0xe9f9c77c                genimg_get_type_name
 .text.genimg_get_comp_name
                0xe9f9c7ac       0x30 common/libcommon.o
                0xe9f9c7ac                genimg_get_comp_name
 .text.image_print_contents
                0xe9f9c7dc      0x170 common/libcommon.o
                0xe9f9c7dc                image_print_contents
 .text.get_table_entry_id
                0xe9f9c94c       0x5c common/libcommon.o
                0xe9f9c94c                get_table_entry_id
 .text.genimg_get_os_id
                0xe9f9c9a8       0x30 common/libcommon.o
                0xe9f9c9a8                genimg_get_os_id
 .text.genimg_get_arch_id
                0xe9f9c9d8       0x30 common/libcommon.o
                0xe9f9c9d8                genimg_get_arch_id
 .text.genimg_get_type_id
                0xe9f9ca08       0x30 common/libcommon.o
                0xe9f9ca08                genimg_get_type_id
 .text.genimg_get_comp_id
                0xe9f9ca38       0x30 common/libcommon.o
                0xe9f9ca38                genimg_get_comp_id
 .text.genimg_get_format
                0xe9f9ca68       0x44 common/libcommon.o
                0xe9f9ca68                genimg_get_format
 .text.genimg_get_image
                0xe9f9caac        0x4 common/libcommon.o
                0xe9f9caac                genimg_get_image
 .text.genimg_has_config
                0xe9f9cab0       0x14 common/libcommon.o
                0xe9f9cab0                genimg_has_config
 .text.boot_ramdisk_high
                0xe9f9cac4      0x144 common/libcommon.o
                0xe9f9cac4                boot_ramdisk_high
 .text.boot_fdt_add_mem_rsv_regions
                0xe9f9cc08       0xa8 common/libcommon.o
                0xe9f9cc08                boot_fdt_add_mem_rsv_regions
 .text.boot_relocate_fdt
                0xe9f9ccb0      0x1c0 common/libcommon.o
                0xe9f9ccb0                boot_relocate_fdt
 .text.boot_get_cmdline
                0xe9f9ce70       0xa8 common/libcommon.o
                0xe9f9ce70                boot_get_cmdline
 .text.boot_get_kbd
                0xe9f9cf18       0x84 common/libcommon.o
                0xe9f9cf18                boot_get_kbd
 .text.fit_parse_conf
                0xe9f9cf9c       0x70 common/libcommon.o
                0xe9f9cf9c                fit_parse_conf
 .text.fit_parse_subimage
                0xe9f9d00c       0x70 common/libcommon.o
                0xe9f9d00c                fit_parse_subimage
 .text.fit_get_desc
                0xe9f9d07c       0x48 common/libcommon.o
                0xe9f9d07c                fit_get_desc
 .text.fit_get_timestamp
                0xe9f9d0c4       0x5c common/libcommon.o
                0xe9f9d0c4                fit_get_timestamp
 .text.fit_image_get_node
                0xe9f9d120       0x4c common/libcommon.o
                0xe9f9d120                fit_image_get_node
 .text.__fit_conf_get_prop_node
                0xe9f9d16c       0x40 common/libcommon.o
 .text.fit_image_get_os
                0xe9f9d1ac       0x54 common/libcommon.o
                0xe9f9d1ac                fit_image_get_os
 .text.fit_image_get_arch
                0xe9f9d200       0x54 common/libcommon.o
                0xe9f9d200                fit_image_get_arch
 .text.fit_image_get_type
                0xe9f9d254       0x54 common/libcommon.o
                0xe9f9d254                fit_image_get_type
 .text.fit_image_get_comp
                0xe9f9d2a8       0x54 common/libcommon.o
                0xe9f9d2a8                fit_image_get_comp
 .text.fit_image_get_load
                0xe9f9d2fc       0x4c common/libcommon.o
                0xe9f9d2fc                fit_image_get_load
 .text.fit_image_get_entry
                0xe9f9d348       0x4c common/libcommon.o
                0xe9f9d348                fit_image_get_entry
 .text.fit_image_get_data
                0xe9f9d394       0x58 common/libcommon.o
                0xe9f9d394                fit_image_get_data
 .text.fit_image_hash_get_algo
                0xe9f9d3ec       0x48 common/libcommon.o
                0xe9f9d3ec                fit_image_hash_get_algo
 .text.fit_image_hash_get_value
                0xe9f9d434       0x58 common/libcommon.o
                0xe9f9d434                fit_image_hash_get_value
 .text.fit_image_print_hash
                0xe9f9d48c       0xf8 common/libcommon.o
                0xe9f9d48c                fit_image_print_hash
 .text.fit_image_print
                0xe9f9d584      0x2ac common/libcommon.o
                0xe9f9d584                fit_image_print
 .text.fit_image_hash_get_ignore
                0xe9f9d830       0x58 common/libcommon.o
                0xe9f9d830                fit_image_hash_get_ignore
 .text.fit_image_check_hashes
                0xe9f9d888      0x288 common/libcommon.o
                0xe9f9d888                fit_image_check_hashes
 .text.fit_all_image_check_hashes
                0xe9f9db10      0x10c common/libcommon.o
                0xe9f9db10                fit_all_image_check_hashes
 .text.fit_image_check_os
                0xe9f9dc1c       0x48 common/libcommon.o
                0xe9f9dc1c                fit_image_check_os
 .text.fit_image_check_arch
                0xe9f9dc64       0x48 common/libcommon.o
                0xe9f9dc64                fit_image_check_arch
 .text.fit_image_check_type
                0xe9f9dcac       0x48 common/libcommon.o
                0xe9f9dcac                fit_image_check_type
 .text.fit_image_check_comp
                0xe9f9dcf4       0x48 common/libcommon.o
                0xe9f9dcf4                fit_image_check_comp
 .text.fit_check_format
                0xe9f9dd3c       0x74 common/libcommon.o
                0xe9f9dd3c                fit_check_format
 .text.fit_conf_get_node
                0xe9f9ddb0       0x7c common/libcommon.o
                0xe9f9ddb0                fit_conf_get_node
 .text.fit_conf_get_kernel_node
                0xe9f9de2c       0x28 common/libcommon.o
                0xe9f9de2c                fit_conf_get_kernel_node
 .text.fit_conf_get_ramdisk_node
                0xe9f9de54       0x28 common/libcommon.o
                0xe9f9de54                fit_conf_get_ramdisk_node
 .text.boot_get_ramdisk
                0xe9f9de7c      0x52c common/libcommon.o
                0xe9f9de7c                boot_get_ramdisk
 .text.fit_conf_get_fdt_node
                0xe9f9e3a8       0x28 common/libcommon.o
                0xe9f9e3a8                fit_conf_get_fdt_node
 .text.boot_get_fdt
                0xe9f9e3d0      0x4f0 common/libcommon.o
                0xe9f9e3d0                boot_get_fdt
 .text.fit_conf_print
                0xe9f9e8c0       0xf8 common/libcommon.o
                0xe9f9e8c0                fit_conf_print
 .text.fit_print_contents
                0xe9f9e9b8      0x23c common/libcommon.o
                0xe9f9e9b8                fit_print_contents
 .text.delete_char.part.1
                0xe9f9ebf4       0xec common/libcommon.o
 .text.cread_add_char
                0xe9f9ece0       0xf8 common/libcommon.o
 .text.__show_boot_progress
                0xe9f9edd8        0x4 common/libcommon.o
                0xe9f9edd8                __show_boot_progress
                0xe9f9edd8                show_boot_progress
 .text.readline_into_buffer
                0xe9f9eddc      0x9e0 common/libcommon.o
                0xe9f9eddc                readline_into_buffer
 .text.readline
                0xe9f9f7bc       0x34 common/libcommon.o
                0xe9f9f7bc                readline
 .text.run_command
                0xe9f9f7f0       0x24 common/libcommon.o
                0xe9f9f7f0                run_command
 .text.run_command_list
                0xe9f9f814       0x70 common/libcommon.o
                0xe9f9f814                run_command_list
 .text.main_loop
                0xe9f9f884      0x260 common/libcommon.o
                0xe9f9f884                main_loop
 .text.do_run   0xe9f9fae4       0x80 common/libcommon.o
                0xe9f9fae4                do_run
 .text.miiphy_get_dev_by_name
                0xe9f9fb64       0x6c common/libcommon.o
                0xe9f9fb64                miiphy_get_dev_by_name
 .text.miiphy_init
                0xe9f9fbd0       0x3c common/libcommon.o
                0xe9f9fbd0                miiphy_init
 .text.mdio_alloc
                0xe9f9fc0c       0x44 common/libcommon.o
                0xe9f9fc0c                mdio_alloc
 .text.mdio_register
                0xe9f9fc50       0x9c common/libcommon.o
                0xe9f9fc50                mdio_register
 .text.mdio_list_devices
                0xe9f9fcec       0xac common/libcommon.o
                0xe9f9fcec                mdio_list_devices
 .text.miiphy_set_current_dev
                0xe9f9fd98       0x50 common/libcommon.o
                0xe9f9fd98                miiphy_set_current_dev
 .text.miiphy_get_active_dev
                0xe9f9fde8       0x70 common/libcommon.o
 .text.mdio_get_current_dev
                0xe9f9fe58       0x2c common/libcommon.o
                0xe9f9fe58                mdio_get_current_dev
 .text.mdio_phydev_for_ethname
                0xe9f9fe84       0xa4 common/libcommon.o
                0xe9f9fe84                mdio_phydev_for_ethname
 .text.miiphy_get_current_dev
                0xe9f9ff28       0x3c common/libcommon.o
                0xe9f9ff28                miiphy_get_current_dev
 .text.miiphy_read
                0xe9f9ff64       0x60 common/libcommon.o
                0xe9f9ff64                miiphy_read
 .text.miiphy_write
                0xe9f9ffc4       0x58 common/libcommon.o
                0xe9f9ffc4                miiphy_write
 .text.miiphy_listdev
                0xe9fa001c       0x74 common/libcommon.o
                0xe9fa001c                miiphy_listdev
 .text.miiphy_info
                0xe9fa0090       0x9c common/libcommon.o
                0xe9fa0090                miiphy_info
 .text.miiphy_is_1000base_x
                0xe9fa012c       0x58 common/libcommon.o
                0xe9fa012c                miiphy_is_1000base_x
 .text.miiphy_duplex
                0xe9fa0184      0x134 common/libcommon.o
                0xe9fa0184                miiphy_duplex
 .text.miiphy_speed
                0xe9fa02b8       0xfc common/libcommon.o
                0xe9fa02b8                miiphy_speed
 .text.hex1_bin
                0xe9fa03b4       0x44 common/libcommon.o
 .text.hex2_bin
                0xe9fa03f8       0x4c common/libcommon.o
 .text.srec_decode
                0xe9fa0444      0x258 common/libcommon.o
                0xe9fa0444                srec_decode
 .text.stdio_get_list
                0xe9fa069c       0x2c common/libcommon.o
                0xe9fa069c                stdio_get_list
 .text.stdio_get_by_name
                0xe9fa06c8       0x64 common/libcommon.o
                0xe9fa06c8                stdio_get_by_name
 .text.stdio_clone
                0xe9fa072c       0x48 common/libcommon.o
                0xe9fa072c                stdio_clone
 .text.stdio_register
                0xe9fa0774       0x58 common/libcommon.o
                0xe9fa0774                stdio_register
 .text.stdio_init
                0xe9fa07cc       0x98 common/libcommon.o
                0xe9fa07cc                stdio_init
 .text.CYGACC_COMM_IF_GETC_TIMEOUT.isra.1
                0xe9fa0864       0x74 common/libcommon.o
 .text.xyzModem_flush
                0xe9fa08d8       0x2c common/libcommon.o
 .text.xyzModem_get_hdr
                0xe9fa0904      0x278 common/libcommon.o
 .text.xyzModem_stream_open
                0xe9fa0b7c      0x278 common/libcommon.o
                0xe9fa0b7c                xyzModem_stream_open
 .text.xyzModem_stream_read
                0xe9fa0df4      0x26c common/libcommon.o
                0xe9fa0df4                xyzModem_stream_read
 .text.xyzModem_stream_close
                0xe9fa1060       0x50 common/libcommon.o
                0xe9fa1060                xyzModem_stream_close
 .text.xyzModem_stream_terminate
                0xe9fa10b0       0xac common/libcommon.o
                0xe9fa10b0                xyzModem_stream_terminate
 .text.xyzModem_error
                0xe9fa115c       0x88 common/libcommon.o
                0xe9fa115c                xyzModem_error
 .text.get_dev  0xe9fa11e4       0x88 disk/libdisk.o
                0xe9fa11e4                get_dev
 .text.dev_print
                0xe9fa126c      0x198 disk/libdisk.o
                0xe9fa126c                dev_print
 .text.init_part
                0xe9fa1404       0x34 disk/libdisk.o
                0xe9fa1404                init_part
 .text.print_part
                0xe9fa1438       0xc4 disk/libdisk.o
                0xe9fa1438                print_part
 .text.get_partition_info
                0xe9fa14fc       0x40 disk/libdisk.o
                0xe9fa14fc                get_partition_info
 .text.get_device
                0xe9fa153c       0x94 disk/libdisk.o
                0xe9fa153c                get_device
 .text.get_device_and_partition
                0xe9fa15d0      0x2d0 disk/libdisk.o
                0xe9fa15d0                get_device_and_partition
 .text.test_block_type
                0xe9fa18a0       0x78 disk/libdisk.o
 .text.print_partition_extended
                0xe9fa1918      0x288 disk/libdisk.o
 .text.get_partition_info_extended.constprop.2
                0xe9fa1ba0      0x2b4 disk/libdisk.o
 .text.test_part_dos
                0xe9fa1e54       0x84 disk/libdisk.o
                0xe9fa1e54                test_part_dos
 .text.print_part_dos
                0xe9fa1ed8       0x4c disk/libdisk.o
                0xe9fa1ed8                print_part_dos
 .text.get_partition_info_dos
                0xe9fa1f24       0x18 disk/libdisk.o
                0xe9fa1f24                get_partition_info_dos
 .text.set_i2c_bus_speed
                0xe9fa1f3c      0x118 drivers/i2c/libi2c.o
 .text.i2c_wait4bus
                0xe9fa2054       0x9c drivers/i2c/libi2c.o
 .text.i2c_init
                0xe9fa20f0       0xac drivers/i2c/libi2c.o
                0xe9fa20f0                i2c_init
 .text.i2c_read
                0xe9fa219c      0x44c drivers/i2c/libi2c.o
                0xe9fa219c                i2c_read
 .text.i2c_write
                0xe9fa25e8      0x2fc drivers/i2c/libi2c.o
                0xe9fa25e8                i2c_write
 .text.i2c_probe
                0xe9fa28e4       0x70 drivers/i2c/libi2c.o
                0xe9fa28e4                i2c_probe
 .text.i2c_set_bus_num
                0xe9fa2954       0x40 drivers/i2c/libi2c.o
                0xe9fa2954                i2c_set_bus_num
 .text.i2c_set_bus_speed
                0xe9fa2994       0x88 drivers/i2c/libi2c.o
                0xe9fa2994                i2c_set_bus_speed
 .text.i2c_get_bus_num
                0xe9fa2a1c       0x2c drivers/i2c/libi2c.o
                0xe9fa2a1c                i2c_get_bus_num
 .text.i2c_get_bus_speed
                0xe9fa2a48       0x38 drivers/i2c/libi2c.o
                0xe9fa2a48                i2c_get_bus_speed
 .text.esdhc_getcd
                0xe9fa2a80       0x5c drivers/mmc/libmmc.o
 .text.esdhc_set_ios
                0xe9fa2adc      0x16c drivers/mmc/libmmc.o
 .text.esdhc_init
                0xe9fa2c48       0xe4 drivers/mmc/libmmc.o
 .text.esdhc_send_cmd
                0xe9fa2d2c      0x4c8 drivers/mmc/libmmc.o
 .text.fsl_esdhc_initialize
                0xe9fa31f4      0x18c drivers/mmc/libmmc.o
                0xe9fa31f4                fsl_esdhc_initialize
 .text.fsl_esdhc_mmc_init
                0xe9fa3380       0x54 drivers/mmc/libmmc.o
                0xe9fa3380                fsl_esdhc_mmc_init
 .text.fdt_fixup_esdhc
                0xe9fa33d4       0x58 drivers/mmc/libmmc.o
                0xe9fa33d4                fdt_fixup_esdhc
 .text.mmc_send_cmd
                0xe9fa342c       0x4c drivers/mmc/libmmc.o
 .text.mmc_go_idle
                0xe9fa3478       0x60 drivers/mmc/libmmc.o
 .text.mmc_send_ext_csd
                0xe9fa34d8       0x58 drivers/mmc/libmmc.o
 .text.sd_switch.constprop.5
                0xe9fa3530       0x60 drivers/mmc/libmmc.o
 .text.mmc_send_status.constprop.6
                0xe9fa3590       0xd8 drivers/mmc/libmmc.o
 .text.mmc_switch.isra.1
                0xe9fa3668       0x60 drivers/mmc/libmmc.o
 .text.__board_mmc_getcd
                0xe9fa36c8        0x8 drivers/mmc/libmmc.o
                0xe9fa36c8                __board_mmc_getcd
                0xe9fa36c8                board_mmc_getcd
 .text.find_mmc_device
                0xe9fa36d0       0x54 drivers/mmc/libmmc.o
                0xe9fa36d0                find_mmc_device
 .text.mmc_berase
                0xe9fa3724      0x190 drivers/mmc/libmmc.o
 .text.mmc_bwrite
                0xe9fa38b4      0x1a0 drivers/mmc/libmmc.o
 .text.mmc_bread
                0xe9fa3a54      0x180 drivers/mmc/libmmc.o
 .text.mmc_switch_part
                0xe9fa3bd4       0x58 drivers/mmc/libmmc.o
                0xe9fa3bd4                mmc_switch_part
 .text.mmc_getcd
                0xe9fa3c2c       0x44 drivers/mmc/libmmc.o
                0xe9fa3c2c                mmc_getcd
 .text.mmc_set_clock
                0xe9fa3c70       0x4c drivers/mmc/libmmc.o
                0xe9fa3c70                mmc_set_clock
 .text.mmc_startup
                0xe9fa3cbc      0x8e0 drivers/mmc/libmmc.o
 .text.mmc_register
                0xe9fa459c       0x94 drivers/mmc/libmmc.o
                0xe9fa459c                mmc_register
 .text.mmc_init
                0xe9fa4630      0x358 drivers/mmc/libmmc.o
                0xe9fa4630                mmc_init
 .text.mmc_get_dev
                0xe9fa4988       0x3c drivers/mmc/libmmc.o
                0xe9fa4988                mmc_get_dev
 .text.__def_mmc_init
                0xe9fa49c4        0x8 drivers/mmc/libmmc.o
                0xe9fa49c4                board_mmc_init
 .text.print_mmc_devices
                0xe9fa49cc       0x74 drivers/mmc/libmmc.o
                0xe9fa49cc                print_mmc_devices
 .text.get_mmc_num
                0xe9fa4a40       0x2c drivers/mmc/libmmc.o
                0xe9fa4a40                get_mmc_num
 .text.mmc_initialize
                0xe9fa4a6c       0x5c drivers/mmc/libmmc.o
                0xe9fa4a6c                mmc_initialize
 .text.flash_make_cmd
                0xe9fa4ac8       0x64 drivers/mtd/libmtd.o
 .text.flash_isequal
                0xe9fa4b2c       0xd0 drivers/mtd/libmtd.o
 .text.flash_isset
                0xe9fa4bfc       0xd4 drivers/mtd/libmtd.o
 .text.find_sector
                0xe9fa4cd0       0xd8 drivers/mtd/libmtd.o
 .text.cfi_reverse_geometry
                0xe9fa4da8       0x4c drivers/mtd/libmtd.o
 .text.flash_add_byte.isra.5
                0xe9fa4df4       0xa0 drivers/mtd/libmtd.o
 .text.__cfi_flash_bank_addr
                0xe9fa4e94        0xc drivers/mtd/libmtd.o
                0xe9fa4e94                cfi_flash_bank_addr
 .text.__cfi_flash_bank_size
                0xe9fa4ea0        0x8 drivers/mtd/libmtd.o
                0xe9fa4ea0                cfi_flash_bank_size
 .text.flash_get_info
                0xe9fa4ea8       0x28 drivers/mtd/libmtd.o
                0xe9fa4ea8                flash_get_info
 .text.flash_sector_size
                0xe9fa4ed0       0x50 drivers/mtd/libmtd.o
                0xe9fa4ed0                flash_sector_size
 .text.flash_write_cmd
                0xe9fa4f20       0xac drivers/mtd/libmtd.o
                0xe9fa4f20                flash_write_cmd
 .text.flash_unlock_seq
                0xe9fa4fcc       0x40 drivers/mtd/libmtd.o
 .text.flash_status_check
                0xe9fa500c      0x1f0 drivers/mtd/libmtd.o
 .text.flash_full_status_check
                0xe9fa51fc      0x178 drivers/mtd/libmtd.o
 .text.flash_write_cfiword
                0xe9fa5374      0x204 drivers/mtd/libmtd.o
 .text.flash_erase
                0xe9fa5578      0x1d4 drivers/mtd/libmtd.o
                0xe9fa5578                flash_erase
 .text.flash_print_info
                0xe9fa574c      0x274 drivers/mtd/libmtd.o
                0xe9fa574c                flash_print_info
 .text.write_buff
                0xe9fa59c0      0x78c drivers/mtd/libmtd.o
                0xe9fa59c0                write_buff
 .text.__flash_cmd_reset
                0xe9fa614c       0x4c drivers/mtd/libmtd.o
                0xe9fa614c                flash_cmd_reset
 .text.flash_get_size
                0xe9fa6198      0x864 drivers/mtd/libmtd.o
                0xe9fa6198                flash_get_size
 .text.flash_protect_default
                0xe9fa69fc       0x6c drivers/mtd/libmtd.o
                0xe9fa69fc                flash_protect_default
 .text.flash_init
                0xe9fa6a68       0x5c drivers/mtd/libmtd.o
                0xe9fa6a68                flash_init
 .text.dtsec_enable_mac
                0xe9fa6ac4       0x5c drivers/net/fm/libfm.o
 .text.dtsec_disable_mac
                0xe9fa6b20       0x60 drivers/net/fm/libfm.o
 .text.dtsec_set_mac_addr
                0xe9fa6b80       0x54 drivers/net/fm/libfm.o
 .text.dtsec_set_interface_mode
                0xe9fa6bd4       0xb8 drivers/net/fm/libfm.o
 .text.dtsec_init_mac
                0xe9fa6c8c       0xa4 drivers/net/fm/libfm.o
 .text.init_dtsec
                0xe9fa6d30       0x58 drivers/net/fm/libfm.o
                0xe9fa6d30                init_dtsec
 .text.muram_readw
                0xe9fa6d88       0x20 drivers/net/fm/libfm.o
 .text.muram_writew
                0xe9fa6da8       0x2c drivers/net/fm/libfm.o
 .text.fm_eth_recv
                0xe9fa6dd4       0xd8 drivers/net/fm/libfm.o
 .text.fm_eth_send
                0xe9fa6eac      0x12c drivers/net/fm/libfm.o
 .text.fm_eth_halt
                0xe9fa6fd8       0xdc drivers/net/fm/libfm.o
 .text.fm_eth_open
                0xe9fa70b4      0x134 drivers/net/fm/libfm.o
 .text.fm_eth_initialize
                0xe9fa71e8      0x618 drivers/net/fm/libfm.o
                0xe9fa71e8                fm_eth_initialize
 .text.fm_assign_risc
                0xe9fa7800       0x24 drivers/net/fm/libfm.o
 .text.fm_muram_base
                0xe9fa7824       0x30 drivers/net/fm/libfm.o
                0xe9fa7824                fm_muram_base
 .text.fm_muram_alloc
                0xe9fa7854       0xbc drivers/net/fm/libfm.o
                0xe9fa7854                fm_muram_alloc
 .text.fm_init_common
                0xe9fa7910      0x4f0 drivers/net/fm/libfm.o
                0xe9fa7910                fm_init_common
 .text.fm_port_to_index
                0xe9fa7e00       0x50 drivers/net/fm/libfm.o
 .text.ft_fixup_port
                0xe9fa7e50      0x114 drivers/net/fm/libfm.o
 .text.fm_standard_init
                0xe9fa7f64       0x8c drivers/net/fm/libfm.o
                0xe9fa7f64                fm_standard_init
 .text.fman_enet_init
                0xe9fa7ff0       0x74 drivers/net/fm/libfm.o
                0xe9fa7ff0                fman_enet_init
 .text.fm_info_set_mdio
                0xe9fa8064       0x40 drivers/net/fm/libfm.o
                0xe9fa8064                fm_info_set_mdio
 .text.fm_info_set_phy_address
                0xe9fa80a4       0x40 drivers/net/fm/libfm.o
                0xe9fa80a4                fm_info_set_phy_address
 .text.fm_info_get_enet_if
                0xe9fa80e4       0x50 drivers/net/fm/libfm.o
                0xe9fa80e4                fm_info_get_enet_if
 .text.fdt_fixup_fman_ethernet
                0xe9fa8134       0x70 drivers/net/fm/libfm.o
                0xe9fa8134                fdt_fixup_fman_ethernet
 .text.tgec_enable_mac
                0xe9fa81a4       0x24 drivers/net/fm/libfm.o
 .text.tgec_disable_mac
                0xe9fa81c8       0x24 drivers/net/fm/libfm.o
 .text.tgec_set_mac_addr
                0xe9fa81ec       0x50 drivers/net/fm/libfm.o
 .text.tgec_set_interface_mode
                0xe9fa823c        0x4 drivers/net/fm/libfm.o
 .text.tgec_init_mac
                0xe9fa8240       0x70 drivers/net/fm/libfm.o
 .text.init_tgec
                0xe9fa82b0       0x58 drivers/net/fm/libfm.o
                0xe9fa82b0                init_tgec
 .text.tgec_mdio_write
                0xe9fa8308       0x98 drivers/net/fm/libfm.o
 .text.tgec_mdio_read
                0xe9fa83a0       0xd4 drivers/net/fm/libfm.o
 .text.tgec_mdio_reset
                0xe9fa8474        0x8 drivers/net/fm/libfm.o
 .text.fm_tgec_mdio_init
                0xe9fa847c       0x74 drivers/net/fm/libfm.o
                0xe9fa847c                fm_tgec_mdio_init
 .text.fman_port_enet_if
                0xe9fa84f0       0xfc drivers/net/fm/libfm.o
                0xe9fa84f0                fman_port_enet_if
 .text.fsl_pq_mdio_reset
                0xe9fa85ec       0x3c drivers/net/libnet.o
 .text.tsec_local_mdio_write
                0xe9fa8628       0x4c drivers/net/libnet.o
                0xe9fa8628                tsec_local_mdio_write
 .text.tsec_phy_write
                0xe9fa8674       0x28 drivers/net/libnet.o
                0xe9fa8674                tsec_phy_write
 .text.tsec_local_mdio_read
                0xe9fa869c       0x70 drivers/net/libnet.o
                0xe9fa869c                tsec_local_mdio_read
 .text.tsec_phy_read
                0xe9fa870c       0x24 drivers/net/libnet.o
                0xe9fa870c                tsec_phy_read
 .text.fsl_pq_mdio_init
                0xe9fa8730       0x74 drivers/net/libnet.o
                0xe9fa8730                fsl_pq_mdio_init
 .text.genphy_shutdown
                0xe9fa87a4        0x8 drivers/net/phy/libphy.o
                0xe9fa87a4                genphy_shutdown
 .text.get_phy_id
                0xe9fa87ac       0x88 drivers/net/phy/libphy.o
 .text.phy_device_create
                0xe9fa8834      0x100 drivers/net/phy/libphy.o
 .text.get_phy_device
                0xe9fa8934       0xcc drivers/net/phy/libphy.o
 .text.genphy_restart_aneg
                0xe9fa8a00       0x68 drivers/net/phy/libphy.o
                0xe9fa8a00                genphy_restart_aneg
 .text.genphy_config_aneg
                0xe9fa8a68      0x20c drivers/net/phy/libphy.o
                0xe9fa8a68                genphy_config_aneg
 .text.genphy_config
                0xe9fa8c74       0xdc drivers/net/phy/libphy.o
                0xe9fa8c74                genphy_config
 .text.genphy_update_link
                0xe9fa8d50      0x154 drivers/net/phy/libphy.o
                0xe9fa8d50                genphy_update_link
 .text.genphy_startup
                0xe9fa8ea4      0x184 drivers/net/phy/libphy.o
                0xe9fa8ea4                genphy_startup
 .text.phy_init
                0xe9fa9028       0x30 drivers/net/phy/libphy.o
                0xe9fa9028                phy_init
 .text.phy_register
                0xe9fa9058       0x44 drivers/net/phy/libphy.o
                0xe9fa9058                phy_register
 .text.phy_reset
                0xe9fa909c       0xe0 drivers/net/phy/libphy.o
                0xe9fa909c                phy_reset
 .text.phy_connect
                0xe9fa917c       0xa4 drivers/net/phy/libphy.o
                0xe9fa917c                phy_connect
 .text.phy_startup
                0xe9fa9220       0x40 drivers/net/phy/libphy.o
                0xe9fa9220                phy_startup
 .text.__board_phy_config
                0xe9fa9260       0x40 drivers/net/phy/libphy.o
                0xe9fa9260                board_phy_config
 .text.phy_config
                0xe9fa92a0       0x24 drivers/net/phy/libphy.o
                0xe9fa92a0                phy_config
 .text.phy_shutdown
                0xe9fa92c4       0x38 drivers/net/phy/libphy.o
                0xe9fa92c4                phy_shutdown
 .text.rtl8211b_startup
                0xe9fa92fc      0x134 drivers/net/phy/libphy.o
 .text.rtl8211b_config
                0xe9fa9430       0x50 drivers/net/phy/libphy.o
 .text.phy_realtek_init
                0xe9fa9480       0x2c drivers/net/phy/libphy.o
                0xe9fa9480                phy_realtek_init
 .text.set_inbound_window
                0xe9fa94ac       0x90 drivers/pci/libpci.o
 .text.fsl_is_pci_agent
                0xe9fa953c       0x84 drivers/pci/libpci.o
                0xe9fa953c                fsl_is_pci_agent
 .text.fsl_pci_init
                0xe9fa95c0      0x964 drivers/pci/libpci.o
                0xe9fa95c0                fsl_pci_init
 .text.fsl_setup_hose
                0xe9fa9f24       0x44 drivers/pci/libpci.o
                0xe9fa9f24                fsl_setup_hose
 .text.fsl_pci_config_unlock
                0xe9fa9f68       0x90 drivers/pci/libpci.o
                0xe9fa9f68                fsl_pci_config_unlock
 .text.fsl_pci_init_port
                0xe9fa9ff8      0x174 drivers/pci/libpci.o
                0xe9fa9ff8                fsl_pci_init_port
 .text.fsl_configure_pcie
                0xe9faa16c       0xf4 drivers/pci/libpci.o
                0xe9faa16c                fsl_configure_pcie
 .text.__board_serdes_name
                0xe9faa260        0x8 drivers/pci/libpci.o
                0xe9faa260                board_serdes_name
 .text.fsl_pcie_init_ctrl
                0xe9faa268       0xa0 drivers/pci/libpci.o
                0xe9faa268                fsl_pcie_init_ctrl
 .text.fsl_pcie_init_board
                0xe9faa308      0x164 drivers/pci/libpci.o
                0xe9faa308                fsl_pcie_init_board
 .text.ft_fsl_pci_setup
                0xe9faa46c       0xc8 drivers/pci/libpci.o
                0xe9faa46c                ft_fsl_pci_setup
 .text.pci_hose_read_config_byte
                0xe9faa534       0x28 drivers/pci/libpci.o
                0xe9faa534                pci_hose_read_config_byte
 .text.pci_hose_read_config_word
                0xe9faa55c       0x28 drivers/pci/libpci.o
                0xe9faa55c                pci_hose_read_config_word
 .text.pci_hose_read_config_dword
                0xe9faa584       0x28 drivers/pci/libpci.o
                0xe9faa584                pci_hose_read_config_dword
 .text.pci_hose_write_config_byte
                0xe9faa5ac       0x28 drivers/pci/libpci.o
                0xe9faa5ac                pci_hose_write_config_byte
 .text.pci_hose_write_config_word
                0xe9faa5d4       0x28 drivers/pci/libpci.o
                0xe9faa5d4                pci_hose_write_config_word
 .text.pci_hose_write_config_dword
                0xe9faa5fc       0x28 drivers/pci/libpci.o
                0xe9faa5fc                pci_hose_write_config_dword
 .text.pci_register_hose
                0xe9faa624       0x48 drivers/pci/libpci.o
                0xe9faa624                pci_register_hose
 .text.pci_bus_to_hose
                0xe9faa66c       0x5c drivers/pci/libpci.o
                0xe9faa66c                pci_bus_to_hose
 .text.pci_write_config_dword
                0xe9faa6c8       0x50 drivers/pci/libpci.o
                0xe9faa6c8                pci_write_config_dword
 .text.pci_write_config_word
                0xe9faa718       0x50 drivers/pci/libpci.o
                0xe9faa718                pci_write_config_word
 .text.pci_write_config_byte
                0xe9faa768       0x50 drivers/pci/libpci.o
                0xe9faa768                pci_write_config_byte
 .text.pci_read_config_dword
                0xe9faa7b8       0x54 drivers/pci/libpci.o
                0xe9faa7b8                pci_read_config_dword
 .text.pci_read_config_word
                0xe9faa80c       0x54 drivers/pci/libpci.o
                0xe9faa80c                pci_read_config_word
 .text.pci_read_config_byte
                0xe9faa860       0x54 drivers/pci/libpci.o
                0xe9faa860                pci_read_config_byte
 .text.find_hose_by_cfg_addr
                0xe9faa8b4       0x48 drivers/pci/libpci.o
                0xe9faa8b4                find_hose_by_cfg_addr
 .text.pci_class_str
                0xe9faa8fc      0x120 drivers/pci/libpci.o
                0xe9faa8fc                pci_class_str
 .text.__pci_skip_dev
                0xe9faaa1c       0x18 drivers/pci/libpci.o
                0xe9faaa1c                __pci_skip_dev
                0xe9faaa1c                pci_skip_dev
 .text.__pci_print_dev
                0xe9faaa34       0x1c drivers/pci/libpci.o
                0xe9faaa34                pci_print_dev
                0xe9faaa34                __pci_print_dev
 .text.pci_hose_scan_bus
                0xe9faaa50      0x19c drivers/pci/libpci.o
                0xe9faaa50                pci_hose_scan_bus
 .text.pci_init
                0xe9faabec       0x30 drivers/pci/libpci.o
                0xe9faabec                pci_init
 .text.pciauto_region_init
                0xe9faac1c       0x24 drivers/pci/libpci.o
                0xe9faac1c                pciauto_region_init
 .text.pciauto_region_align
                0xe9faac40       0x3c drivers/pci/libpci.o
                0xe9faac40                pciauto_region_align
 .text.pciauto_region_allocate
                0xe9faac7c       0xb8 drivers/pci/libpci.o
                0xe9faac7c                pciauto_region_allocate
 .text.pciauto_setup_device
                0xe9faad34      0x204 drivers/pci/libpci.o
                0xe9faad34                pciauto_setup_device
 .text.pciauto_prescan_setup_bridge
                0xe9faaf38      0x19c drivers/pci/libpci.o
                0xe9faaf38                pciauto_prescan_setup_bridge
 .text.pciauto_postscan_setup_bridge
                0xe9fab0d4      0x118 drivers/pci/libpci.o
                0xe9fab0d4                pciauto_postscan_setup_bridge
 .text.pciauto_config_init
                0xe9fab1ec      0x180 drivers/pci/libpci.o
                0xe9fab1ec                pciauto_config_init
 .text.pciauto_config_device
                0xe9fab36c      0x128 drivers/pci/libpci.o
                0xe9fab36c                pciauto_config_device
 .text.indirect_read_config_byte
                0xe9fab494       0x60 drivers/pci/libpci.o
 .text.indirect_read_config_word
                0xe9fab4f4       0x60 drivers/pci/libpci.o
 .text.indirect_read_config_dword
                0xe9fab554       0x58 drivers/pci/libpci.o
 .text.indirect_write_config_byte
                0xe9fab5ac       0x54 drivers/pci/libpci.o
 .text.indirect_write_config_word
                0xe9fab600       0x54 drivers/pci/libpci.o
 .text.indirect_write_config_dword
                0xe9fab654       0x4c drivers/pci/libpci.o
 .text.pci_setup_indirect
                0xe9fab6a0       0x5c drivers/pci/libpci.o
                0xe9fab6a0                pci_setup_indirect
 .text.GregorianDay
                0xe9fab6fc       0xdc drivers/rtc/librtc.o
                0xe9fab6fc                GregorianDay
 .text.to_tm    0xe9fab7d8       0xf0 drivers/rtc/librtc.o
                0xe9fab7d8                to_tm
 .text.rtc_write
                0xe9fab8c8       0x3c drivers/rtc/librtc.o
 .text.rtc_read
                0xe9fab904       0x38 drivers/rtc/librtc.o
 .text.rtc_get  0xe9fab93c      0x178 drivers/rtc/librtc.o
                0xe9fab93c                rtc_get
 .text.rtc_set  0xe9fabab4      0x14c drivers/rtc/librtc.o
                0xe9fabab4                rtc_set
 .text.rtc_reset
                0xe9fabc00        0x4 drivers/rtc/librtc.o
                0xe9fabc00                rtc_reset
 .text.NS16550_init
                0xe9fabc04       0x8c drivers/serial/libserial.o
                0xe9fabc04                NS16550_init
 .text.NS16550_reinit
                0xe9fabc90       0x78 drivers/serial/libserial.o
                0xe9fabc90                NS16550_reinit
 .text.NS16550_putc
                0xe9fabd08       0x24 drivers/serial/libserial.o
                0xe9fabd08                NS16550_putc
 .text.NS16550_getc
                0xe9fabd2c       0x30 drivers/serial/libserial.o
                0xe9fabd2c                NS16550_getc
 .text.NS16550_tstc
                0xe9fabd5c       0x18 drivers/serial/libserial.o
                0xe9fabd5c                NS16550_tstc
 .text.get_current
                0xe9fabd74       0x50 drivers/serial/libserial.o
 .text.serial_null
                0xe9fabdc4        0x4 drivers/serial/libserial.o
                0xe9fabdc4                jz_serial_initialize
                0xe9fabdc4                bfin_serial_initialize
                0xe9fabdc4                p3mx_serial_initialize
                0xe9fabdc4                leon2_serial_initialize
                0xe9fabdc4                leon3_serial_initialize
                0xe9fabdc4                amirix_serial_initialize
                0xe9fabdc4                marvell_serial_initialize
                0xe9fabdc4                cpci750_serial_initialize
                0xe9fabdc4                asc_serial_initialize
                0xe9fabdc4                altera_serial_initialize
                0xe9fabdc4                oc_serial_initialize
                0xe9fabdc4                sh_serial_initialize
                0xe9fabdc4                bmw_serial_initialize
                0xe9fabdc4                mcf_serial_initialize
                0xe9fabdc4                lh7a40x_serial_initialize
                0xe9fabdc4                evb64260_serial_initialize
                0xe9fabdc4                lpc32xx_serial_initialize
                0xe9fabdc4                max3100_serial_initialize
                0xe9fabdc4                mpc85xx_serial_initialize
                0xe9fabdc4                imx_serial_initialize
                0xe9fabdc4                ixp_serial_initialize
                0xe9fabdc4                bfin_jtag_initialize
                0xe9fabdc4                cogent_serial_initialize
                0xe9fabdc4                clps7111_serial_initialize
                0xe9fabdc4                mpc8220_serial_initialize
                0xe9fabdc4                s3c64xx_serial_initialize
                0xe9fabdc4                ml2_serial_initialize
                0xe9fabdc4                sandbox_serial_initialize
                0xe9fabdc4                s3c24xx_serial_initialize
                0xe9fabdc4                sconsole_serial_initialize
                0xe9fabdc4                uartlite_serial_initialize
                0xe9fabdc4                au1x00_serial_initialize
                0xe9fabdc4                ns9750_serial_initialize
                0xe9fabdc4                pxa_serial_initialize
                0xe9fabdc4                atmel_serial_initialize
                0xe9fabdc4                pl01x_serial_initialize
                0xe9fabdc4                altera_jtag_serial_initialize
                0xe9fabdc4                zynq_serial_initalize
                0xe9fabdc4                mpc512x_serial_initialize
                0xe9fabdc4                s5p_serial_initialize
                0xe9fabdc4                ks8695_serial_initialize
                0xe9fabdc4                sa1100_serial_initialize
                0xe9fabdc4                mpc8260_scc_serial_initialize
                0xe9fabdc4                mxc_serial_initialize
                0xe9fabdc4                iop480_serial_initialize
                0xe9fabdc4                s3c44b0_serial_initialize
                0xe9fabdc4                mpc8xx_serial_initialize
                0xe9fabdc4                mpc8260_smc_serial_initialize
                0xe9fabdc4                mpc5xx_serial_initialize
 .text.serial_register
                0xe9fabdc8       0x34 drivers/serial/libserial.o
                0xe9fabdc8                serial_register
 .text.serial_stdio_init
                0xe9fabdfc       0x94 drivers/serial/libserial.o
                0xe9fabdfc                serial_stdio_init
 .text.serial_assign
                0xe9fabe90       0x68 drivers/serial/libserial.o
                0xe9fabe90                serial_assign
 .text.serial_initialize
                0xe9fabef8       0xec drivers/serial/libserial.o
                0xe9fabef8                serial_initialize
 .text.serial_init
                0xe9fabfe4       0x2c drivers/serial/libserial.o
                0xe9fabfe4                serial_init
 .text.serial_setbrg
                0xe9fac010       0x2c drivers/serial/libserial.o
                0xe9fac010                serial_setbrg
 .text.on_baudrate
                0xe9fac03c      0x114 drivers/serial/libserial.o
 .text.serial_getc
                0xe9fac150       0x2c drivers/serial/libserial.o
                0xe9fac150                serial_getc
 .text.serial_tstc
                0xe9fac17c       0x2c drivers/serial/libserial.o
                0xe9fac17c                serial_tstc
 .text.serial_putc
                0xe9fac1a8       0x34 drivers/serial/libserial.o
                0xe9fac1a8                serial_putc
 .text.serial_puts
                0xe9fac1dc       0x34 drivers/serial/libserial.o
                0xe9fac1dc                serial_puts
 .text.calc_divisor.isra.0
                0xe9fac210       0x40 drivers/serial/libserial.o
 .text.eserial6_init
                0xe9fac250       0x30 drivers/serial/libserial.o
 .text.eserial5_init
                0xe9fac280       0x30 drivers/serial/libserial.o
 .text.eserial4_init
                0xe9fac2b0       0x34 drivers/serial/libserial.o
 .text.eserial3_init
                0xe9fac2e4       0x34 drivers/serial/libserial.o
 .text.eserial2_init
                0xe9fac318       0x34 drivers/serial/libserial.o
 .text.eserial1_init
                0xe9fac34c       0x34 drivers/serial/libserial.o
 .text._serial_putc
                0xe9fac380       0x60 drivers/serial/libserial.o
                0xe9fac380                _serial_putc
 .text.eserial1_putc
                0xe9fac3e0       0x24 drivers/serial/libserial.o
 .text.eserial2_putc
                0xe9fac404       0x24 drivers/serial/libserial.o
 .text.eserial3_putc
                0xe9fac428       0x24 drivers/serial/libserial.o
 .text.eserial4_putc
                0xe9fac44c       0x24 drivers/serial/libserial.o
 .text.eserial5_putc
                0xe9fac470       0x24 drivers/serial/libserial.o
 .text.eserial6_putc