image.c:528:13:genimg_print_time	64	static
image.c:1164:13:fdt_error	16	static
image.c:424:12:on_loadaddr	16	static
image.c:173:5:image_check_hcrc	80	static
image.c:188:5:image_check_dcrc	16	static
image.c:210:7:image_multi_count	8	static
image.c:243:6:image_multi_getimg	32	static
image.c:440:7:getenv_bootm_low	16	static
image.c:457:13:getenv_bootm_size	16	static
image.c:479:13:getenv_bootm_mapsize	16	static
image.c:495:6:memmove_wd	8	static
image.c:515:6:genimg_print_size	16	static
image.c:557:7:get_table_entry_name	8	static
image.c:570:13:genimg_get_os_name	16	static
image.c:575:13:genimg_get_arch_name	16	static
image.c:581:13:genimg_get_type_name	16	static
image.c:586:13:genimg_get_comp_name	16	static
image.c:303:6:image_print_contents	56	static
image.c:606:5:get_table_entry_id	24	static
image.c:640:5:genimg_get_os_id	16	static
image.c:645:5:genimg_get_arch_id	16	static
image.c:650:5:genimg_get_type_id	16	static
image.c:655:5:genimg_get_comp_id	16	static
image.c:675:5:genimg_get_format	8	static
image.c:707:7:genimg_get_image	8	static
image.c:779:5:genimg_has_config	8	static
image.c:1084:5:boot_ramdisk_high	32	static
image.c:1259:6:boot_fdt_add_mem_rsv_regions	48	static
image.c:1294:5:boot_relocate_fdt	48	static
image.c:1743:5:boot_get_cmdline	40	static
image.c:1782:5:boot_get_kbd	32	static
image.c:1848:5:fit_parse_conf	32	static
image.c:1874:5:fit_parse_subimage	32	static
image.c:2162:5:fit_get_desc	32	static
image.c:2190:5:fit_get_timestamp	32	static
image.c:2222:5:fit_image_get_node	24	static
image.c:3246:12:__fit_conf_get_prop_node	32	static
image.c:2256:5:fit_image_get_os	32	static
image.c:2288:5:fit_image_get_arch	32	static
image.c:2320:5:fit_image_get_type	32	static
image.c:2352:5:fit_image_get_comp	32	static
image.c:2383:5:fit_image_get_load	32	static
image.c:2411:5:fit_image_get_entry	32	static
image.c:2441:5:fit_image_get_data	40	static
image.c:2470:5:fit_image_hash_get_algo	32	static
image.c:2498:5:fit_image_hash_get_value	40	static
image.c:2108:6:fit_image_print_hash	48	static
image.c:2012:6:fit_image_print	64	static
image.c:2529:5:fit_image_hash_get_ignore	32	static
image.c:2557:5:fit_set_timestamp	48	static
image.c:2800:5:fit_image_check_hashes	112	static
image.c:2904:5:fit_all_image_check_hashes	56	static
image.c:2955:5:fit_image_check_os	32	static
image.c:2977:5:fit_image_check_arch	32	static
image.c:2999:5:fit_image_check_type	32	static
image.c:3022:5:fit_image_check_comp	32	static
image.c:3042:5:fit_check_format	24	static
image.c:3107:5:fit_conf_find_compat	96	static
image.c:3211:5:fit_conf_get_node	40	static
image.c:3274:5:fit_conf_get_kernel_node	16	static
image.c:3293:5:fit_conf_get_ramdisk_node	16	static
image.c:810:5:boot_get_ramdisk	72	static
image.c:3312:5:fit_conf_get_fdt_node	16	static
image.c:1402:5:boot_get_fdt	72	static
image.c:3329:6:fit_conf_print	48	static
image.c:1903:6:fit_print_contents	56	static
