cmd_bootm.c:1195:12:do_imls	48	static
cmd_bootm.c:1126:12:image_info	16	static
cmd_bootm.c:1079:5:do_bootd	24	static
cmd_bootm.c:1410:12:do_bootm_rtems	16	static
cmd_bootm.c:1108:12:do_iminfo	32	static
cmd_bootm.c:1498:12:do_bootm_qnxelf	56	static
cmd_bootm.c:1476:12:do_bootm_vxworks	96	static
cmd_bootm.c:1299:12:do_bootm_netbsd	64	static
cmd_bootm.c:317:12:16	56	static
cmd_bootm.c:193:12:bootm_start	72	static
cmd_bootm.c:586:5:do_bootm	104	static
cmd_bootm.c:164:13:__arch_preboot_os	8	static
cmd_bootm.c:725:5:bootm_maybe_autostart	40	static
