fdt_support.c:969:12:of_bus_default_map	24	static
fdt_support.c:947:13:of_bus_default_count_cells	32	static
fdt_support.c:986:12:of_bus_default_translate	40	static
fdt_support.c:52:5:fdt_getprop_u32_default	32	static
fdt_support.c:81:5:fdt_find_and_setprop	40	static
fdt_support.c:149:5:fdt_initrd	72	static
fdt_support.c:215:5:fdt_chosen	56	static
fdt_support.c:285:6:do_fixup_by_path	24	static
fdt_support.c:301:6:do_fixup_by_path_u32	16	static
fdt_support.c:308:6:do_fixup_by_prop	56	static
fdt_support.c:329:6:do_fixup_by_prop_u32	16	static
fdt_support.c:337:6:do_fixup_by_compat	48	static
fdt_support.c:356:6:do_fixup_by_compat_u32	16	static
fdt_support.c:391:5:fdt_fixup_memory_banks	104	dynamic
fdt_support.c:441:5:fdt_fixup_memory	24	static
fdt_support.c:446:6:fdt_fixup_ethernet	104	static
fdt_support.c:483:5:fdt_resize	40	static
fdt_support.c:534:5:fdt_pci_dma_ranges	152	static
fdt_support.c:673:5:fdt_increase_size	8	static
fdt_support.c:892:6:fdt_del_node_and_alias	24	static
fdt_support.c:1073:5:__of_translate_address	112	static
fdt_support.c:1146:5:fdt_translate_address	16	static
fdt_support.c:1160:5:fdt_node_offset_by_compat_reg	56	static
fdt_support.c:1181:5:fdt_alloc_phandle	24	static
fdt_support.c:1200:5:fdt_set_phandle	48	static
fdt_support.c:1239:14:fdt_create_phandle	24	static
fdt_support.c:1269:5:fdt_set_node_status	48	static
fdt_support.c:1310:5:fdt_set_status_by_alias	24	static
fdt_support.c:1356:5:fdt_verify_alias_address	56	static
fdt_support.c:1397:5:fdt_get_base_address	40	static
