hush.c:900:13:b_reset	8	static
hush.c:939:12:static_get	8	static
hush.c:946:12:static_peek	8	static
hush.c:1125:12:file_peek	8	static
hush.c:3127:13:mapset	16	static
hush.c:385:13:syntax_err	16	static
hush.c:3631:12:do_showvar	56	static
hush.c:1990:12:free_pipe_list	48	static
hush.c:890:12:b_addchr	24	static
hush.c:918:12:b_addqchr	24	static
hush.c:2269:12:0	16	static
hush.c:3305:14:xmalloc	16	static
hush.c:2331:21:new_pipe	8	static
hush.c:1082:12:file_get	64	static
hush.c:3316:14:xrealloc	16	static
hush.c:2519:12:done_command	24	static
hush.c:2567:12:done_pipe	24	static
hush.c:2439:12:done_word	40	static
hush.c:2126:7:get_local_var	24	static
hush.c:2148:5:set_local_var	40	static
hush.c:3495:14:insert_var_value_sub	72	static
hush.c:2239:6:unset_local_var	24	static
hush.c:3232:5:parse_string_outer	64	static
hush.c:1751:12:run_list_real	120	static
hush.c:3161:12:parse_stream_outer	144	static
hush.c:3261:5:parse_file_outer	48	static
hush.c:3289:5:u_boot_hush_start	24	static
