fsl_pci_init.c:60:13:set_inbound_window	8	static
fsl_pci_init.c:568:5:fsl_is_pci_agent	40	static
fsl_pci_init.c:301:6:fsl_pci_init	120	static
fsl_pci_init.c:80:5:fsl_setup_hose	24	static
fsl_pci_init.c:656:6:fsl_pci_config_unlock	40	static
fsl_pci_init.c:592:5:fsl_pci_init_port	48	static
fsl_pci_init.c:679:5:fsl_configure_pcie	32	static
fsl_pci_init.c:729:20:__board_serdes_name	8	static
fsl_pci_init.c:765:5:fsl_pcie_init_ctrl	40	static
fsl_pci_init.c:785:5:fsl_pcie_init_board	104	static
fsl_pci_init.c:846:6:ft_fsl_pci_setup	48	static
